Component: ARM Compiler 6.14 Tool: armlink [5db06800]

==============================================================================

Section Cross References

    system_nano103.o(.text.SysGet_PLLClockFreq) refers to aeabi_sdiv.o(.text) for __aeabi_uidiv
    system_nano103.o(.ARM.exidx.text.SysGet_PLLClockFreq) refers to system_nano103.o(.text.SysGet_PLLClockFreq) for [Anonymous Symbol]
    system_nano103.o(.text.SysGet_HCLKFreq) refers to system_nano103.o(.text.SysGet_PLLClockFreq) for SysGet_PLLClockFreq
    system_nano103.o(.text.SysGet_HCLKFreq) refers to aeabi_sdiv.o(.text) for __aeabi_uidiv
    system_nano103.o(.ARM.exidx.text.SysGet_HCLKFreq) refers to system_nano103.o(.text.SysGet_HCLKFreq) for [Anonymous Symbol]
    system_nano103.o(.text.SystemCoreClockUpdate) refers to system_nano103.o(.text.SysGet_HCLKFreq) for SysGet_HCLKFreq
    system_nano103.o(.text.SystemCoreClockUpdate) refers to aeabi_sdiv.o(.text) for __aeabi_uidiv
    system_nano103.o(.text.SystemCoreClockUpdate) refers to system_nano103.o(.data..L_MergedGlobals) for [Anonymous Symbol]
    system_nano103.o(.ARM.exidx.text.SystemCoreClockUpdate) refers to system_nano103.o(.text.SystemCoreClockUpdate) for [Anonymous Symbol]
    system_nano103.o(.ARM.exidx.text.SystemInit) refers to system_nano103.o(.text.SystemInit) for [Anonymous Symbol]
    startup_nano103.o(STACK) refers (Special) to heapauxi.o(.text) for __use_two_region_memory
    startup_nano103.o(HEAP) refers (Special) to heapauxi.o(.text) for __use_two_region_memory
    startup_nano103.o(RESET) refers (Special) to heapauxi.o(.text) for __use_two_region_memory
    startup_nano103.o(RESET) refers to startup_nano103.o(STACK) for __initial_sp
    startup_nano103.o(RESET) refers to startup_nano103.o(.text) for Reset_Handler
    startup_nano103.o(RESET) refers to retarget.o(.text.HardFault_Handler) for HardFault_Handler
    startup_nano103.o(RESET) refers to application.o(.text.SysTick_Handler) for SysTick_Handler
    startup_nano103.o(RESET) refers to application.o(.text.GPABC_IRQHandler) for GPABC_IRQHandler
    startup_nano103.o(RESET) refers to application.o(.text.GPDEF_IRQHandler) for GPDEF_IRQHandler
    startup_nano103.o(RESET) refers to application.o(.text.UART0_IRQHandler) for UART0_IRQHandler
    startup_nano103.o(RESET) refers to application.o(.text.HIRC_IRQHandler) for HIRC_IRQHandler
    startup_nano103.o(RESET) refers to application.o(.text.CKSD_IRQHandler) for CKSD_IRQHandler
    startup_nano103.o(.text) refers (Special) to heapauxi.o(.text) for __use_two_region_memory
    startup_nano103.o(.text) refers to system_nano103.o(.text.SystemInit) for SystemInit
    startup_nano103.o(.text) refers to __main.o(!!!main) for __main
    startup_nano103.o(.text) refers to startup_nano103.o(HEAP) for Heap_Mem
    startup_nano103.o(.text) refers to startup_nano103.o(STACK) for Stack_Mem
    clk.o(.ARM.exidx.text.CLK_DisableCKO) refers to clk.o(.text.CLK_DisableCKO) for [Anonymous Symbol]
    clk.o(.ARM.exidx.text.CLK_EnableCKO) refers to clk.o(.text.CLK_EnableCKO) for [Anonymous Symbol]
    clk.o(.ARM.exidx.text.CLK_PowerDown) refers to clk.o(.text.CLK_PowerDown) for [Anonymous Symbol]
    clk.o(.ARM.exidx.text.CLK_Idle) refers to clk.o(.text.CLK_Idle) for [Anonymous Symbol]
    clk.o(.ARM.exidx.text.CLK_GetHXTFreq) refers to clk.o(.text.CLK_GetHXTFreq) for [Anonymous Symbol]
    clk.o(.ARM.exidx.text.CLK_GetLXTFreq) refers to clk.o(.text.CLK_GetLXTFreq) for [Anonymous Symbol]
    clk.o(.text.CLK_GetHCLKFreq) refers to system_nano103.o(.text.SystemCoreClockUpdate) for SystemCoreClockUpdate
    clk.o(.text.CLK_GetHCLKFreq) refers to system_nano103.o(.data..L_MergedGlobals) for SystemCoreClock
    clk.o(.ARM.exidx.text.CLK_GetHCLKFreq) refers to clk.o(.text.CLK_GetHCLKFreq) for [Anonymous Symbol]
    clk.o(.text.CLK_GetPCLK0Freq) refers to system_nano103.o(.text.SystemCoreClockUpdate) for SystemCoreClockUpdate
    clk.o(.text.CLK_GetPCLK0Freq) refers to aeabi_sdiv.o(.text) for __aeabi_uidiv
    clk.o(.text.CLK_GetPCLK0Freq) refers to clk.o(.rodata.cst32) for .L__const.CLK_GetPCLK1Freq.Div
    clk.o(.text.CLK_GetPCLK0Freq) refers to system_nano103.o(.data..L_MergedGlobals) for SystemCoreClock
    clk.o(.ARM.exidx.text.CLK_GetPCLK0Freq) refers to clk.o(.text.CLK_GetPCLK0Freq) for [Anonymous Symbol]
    clk.o(.text.CLK_GetPCLK1Freq) refers to system_nano103.o(.text.SystemCoreClockUpdate) for SystemCoreClockUpdate
    clk.o(.text.CLK_GetPCLK1Freq) refers to aeabi_sdiv.o(.text) for __aeabi_uidiv
    clk.o(.text.CLK_GetPCLK1Freq) refers to clk.o(.rodata.cst32) for .L__const.CLK_GetPCLK1Freq.Div
    clk.o(.text.CLK_GetPCLK1Freq) refers to system_nano103.o(.data..L_MergedGlobals) for SystemCoreClock
    clk.o(.ARM.exidx.text.CLK_GetPCLK1Freq) refers to clk.o(.text.CLK_GetPCLK1Freq) for [Anonymous Symbol]
    clk.o(.text.CLK_GetCPUFreq) refers to system_nano103.o(.text.SystemCoreClockUpdate) for SystemCoreClockUpdate
[...]
    .text                                    0x00000e80   Section        0  _printf_char_file.o(.text)
    .text                                    0x00000ea8   Section        0  rtudiv10.o(.text)
    .text                                    0x00000ed0   Section        8  rt_locale_intlibspace.o(.text)
    .text                                    0x00000ed8   Section        0  lludiv10.o(.text)
    _printf_input_char                       0x00000f55   Thumb Code    10  _printf_char_common.o(.text)
    .text                                    0x00000f54   Section        0  _printf_char_common.o(.text)
    .text                                    0x00000f84   Section        0  _printf_fp_infnan.o(.text)
    .text                                    0x0000100c   Section        0  bigflt0.o(.text)
    .text                                    0x000010e4   Section        0  btod.o(.text)
    btod_internal_mul                        0x00001125   Thumb Code   492  btod.o(.text)
    btod_internal_div                        0x00001311   Thumb Code   520  btod.o(.text)
    .text                                    0x00001664   Section        0  ferror.o(.text)
    .text                                    0x0000166c   Section        0  fcmpin.o(.text)
    .text                                    0x000016d0   Section        8  libspace.o(.text)
    .text                                    0x000016d8   Section       62  sys_stackheap_outer.o(.text)
    .text                                    0x00001716   Section        0  exit.o(.text)
    .text                                    0x00001728   Section        0  strcmp.o(.text)
    .text                                    0x000017b0   Section        0  cmpret.o(.text)
    .text                                    0x000017e0   Section        0  fnan2.o(.text)
    .text                                    0x000017f0   Section        0  retnan.o(.text)
    .text                                    0x00001850   Section        0  sys_exit.o(.text)
    .text                                    0x0000185c   Section        2  use_no_semi.o(.text)
    .text                                    0x0000185e   Section        0  indicate_semi.o(.text)
    [Anonymous Symbol]                       0x00001860   Section        0  application.o(.text.CKSD_IRQHandler)
    __arm_cp.15_0                            0x00001894   Number         4  application.o(.text.CKSD_IRQHandler)
    [Anonymous Symbol]                       0x000018bc   Section        0  clk.o(.text.CLK_EnableModuleClock)
    __arm_cp.25_0                            0x000018d4   Number         4  clk.o(.text.CLK_EnableModuleClock)
    [Anonymous Symbol]                       0x000018d8   Section        0  clk.o(.text.CLK_EnableXtalRC)
    [Anonymous Symbol]                       0x000018e4   Section        0  clk.o(.text.CLK_GetHCLKFreq)
    __arm_cp.6_0                             0x000018f0   Number         4  clk.o(.text.CLK_GetHCLKFreq)
    [Anonymous Symbol]                       0x000018f4   Section        0  clk.o(.text.CLK_GetPLLClockFreq)
    __arm_cp.10_0                            0x00001944   Number         4  clk.o(.text.CLK_GetPLLClockFreq)
    __arm_cp.10_1                            0x00001948   Number         4  clk.o(.text.CLK_GetPLLClockFreq)
    __arm_cp.10_2                            0x0000194c   Number         4  clk.o(.text.CLK_GetPLLClockFreq)
    __arm_cp.10_3                            0x00001950   Number         4  clk.o(.text.CLK_GetPLLClockFreq)
    __arm_cp.10_4                            0x00001954   Number         4  clk.o(.text.CLK_GetPLLClockFreq)
    __arm_cp.10_5                            0x00001958   Number         4  clk.o(.text.CLK_GetPLLClockFreq)
    [Anonymous Symbol]                       0x0000195c   Section        0  clk.o(.text.CLK_SetHCLK)
    [Anonymous Symbol]                       0x0000197c   Section        0  clk.o(.text.CLK_SetModuleClock)
    __arm_cp.22_0                            0x000019bc   Number         4  clk.o(.text.CLK_SetModuleClock)
    [Anonymous Symbol]                       0x000019c0   Section        0  clk.o(.text.CLK_SetPCLK0)
    [Anonymous Symbol]                       0x000019d0   Section        0  clk.o(.text.CLK_SetPCLK1)
    __arm_cp.21_0                            0x000019e0   Number         4  clk.o(.text.CLK_SetPCLK1)
    [Anonymous Symbol]                       0x000019e4   Section        0  clk.o(.text.CLK_SysTickDelay)
    __arm_cp.28_0                            0x00001a00   Number         4  clk.o(.text.CLK_SysTickDelay)
    __arm_cp.28_1                            0x00001a04   Number         4  clk.o(.text.CLK_SysTickDelay)
    [Anonymous Symbol]                       0x00001a08   Section        0  clk.o(.text.CLK_WaitClockReady)
    __arm_cp.18_0                            0x00001a20   Number         4  clk.o(.text.CLK_WaitClockReady)
    __arm_cp.18_1                            0x00001a24   Number         4  clk.o(.text.CLK_WaitClockReady)
    ClrRegisters                             0x00001a29   Thumb Code    46  driver_mpu9250.o(.text.ClrRegisters)
    [Anonymous Symbol]                       0x00001a28   Section        0  driver_mpu9250.o(.text.ClrRegisters)
    CsDisable                                0x00001a57   Thumb Code    12  driver_mcu_spi.o(.text.CsDisable)
    [Anonymous Symbol]                       0x00001a56   Section        0  driver_mcu_spi.o(.text.CsDisable)
    CsEnable                                 0x00001a63   Thumb Code    16  driver_mcu_spi.o(.text.CsEnable)
    [Anonymous Symbol]                       0x00001a62   Section        0  driver_mcu_spi.o(.text.CsEnable)
    DRV_MPU9250Free                          0x00001a73   Thumb Code     8  driver_mpu9250.o(.text.DRV_MPU9250Free)
    [Anonymous Symbol]                       0x00001a72   Section        0  driver_mpu9250.o(.text.DRV_MPU9250Free)
    [Anonymous Symbol]                       0x00001a7c   Section        0  driver_mpu9250.o(.text.DRV_MPU9250New)
    __arm_cp.1_0                             0x00001ad4   Number         4  driver_mpu9250.o(.text.DRV_MPU9250New)
    __arm_cp.1_1                             0x00001ad8   Number         4  driver_mpu9250.o(.text.DRV_MPU9250New)
    __arm_cp.1_2                             0x00001adc   Number         4  driver_mpu9250.o(.text.DRV_MPU9250New)
    __arm_cp.1_3                             0x00001ae0   Number         4  driver_mpu9250.o(.text.DRV_MPU9250New)
    __arm_cp.1_4                             0x00001ae4   Number         4  driver_mpu9250.o(.text.DRV_MPU9250New)
    __arm_cp.1_5                             0x00001ae8   Number         4  driver_mpu9250.o(.text.DRV_MPU9250New)
    __arm_cp.1_6                             0x00001aec   Number         4  driver_mpu9250.o(.text.DRV_MPU9250New)
    __arm_cp.1_7                             0x00001af0   Number         4  driver_mpu9250.o(.text.DRV_MPU9250New)
    __arm_cp.1_8                             0x00001af4   Number         4  driver_mpu9250.o(.text.DRV_MPU9250New)
    __arm_cp.1_9                             0x00001af8   Number         4  driver_mpu9250.o(.text.DRV_MPU9250New)
    __arm_cp.1_10                            0x00001afc   Number         4  driver_mpu9250.o(.text.DRV_MPU9250New)
    __arm_cp.1_11                            0x00001b00   Number         4  driver_mpu9250.o(.text.DRV_MPU9250New)
    __arm_cp.1_12                            0x00001b04   Number         4  driver_mpu9250.o(.text.DRV_MPU9250New)
    __arm_cp.1_13                            0x00001b08   Number         4  driver_mpu9250.o(.text.DRV_MPU9250New)
    __arm_cp.1_14                            0x00001b0c   Number         4  driver_mpu9250.o(.text.DRV_MPU9250New)
    __arm_cp.1_15                            0x00001b10   Number         4  driver_mpu9250.o(.text.DRV_MPU9250New)
    [Anonymous Symbol]                       0x00001b14   Section        0  driver_mpu9250.o(.text.DRV_MPU9250_GetVersion)
    [Anonymous Symbol]                       0x00001b18   Section        0  driver_mcu_spi.o(.text.DRV_SPI_GetVersion)
    __arm_cp.0_0                             0x00001b1c   Number         4  driver_mcu_spi.o(.text.DRV_SPI_GetVersion)
    DRV_SpiFree                              0x00001b21   Thumb Code     8  driver_mcu_spi.o(.text.DRV_SpiFree)
    [Anonymous Symbol]                       0x00001b20   Section        0  driver_mcu_spi.o(.text.DRV_SpiFree)
    [Anonymous Symbol]                       0x00001b28   Section        0  driver_mcu_spi.o(.text.DRV_SpiNew)
    __arm_cp.1_0                             0x00001b6c   Number         4  driver_mcu_spi.o(.text.DRV_SpiNew)
    __arm_cp.1_1                             0x00001b70   Number         4  driver_mcu_spi.o(.text.DRV_SpiNew)
    __arm_cp.1_2                             0x00001b74   Number         4  driver_mcu_spi.o(.text.DRV_SpiNew)
    __arm_cp.1_3                             0x00001b78   Number         4  driver_mcu_spi.o(.text.DRV_SpiNew)
    __arm_cp.1_4                             0x00001b7c   Number         4  driver_mcu_spi.o(.text.DRV_SpiNew)
    __arm_cp.1_5                             0x00001b80   Number         4  driver_mcu_spi.o(.text.DRV_SpiNew)
    __arm_cp.1_6                             0x00001b84   Number         4  driver_mcu_spi.o(.text.DRV_SpiNew)
    __arm_cp.1_7                             0x00001b88   Number         4  driver_mcu_spi.o(.text.DRV_SpiNew)
    __arm_cp.1_8                             0x00001b8c   Number         4  driver_mcu_spi.o(.text.DRV_SpiNew)
    __arm_cp.1_9                             0x00001b90   Number         4  driver_mcu_spi.o(.text.DRV_SpiNew)
    Deinitialize                             0x00001b95   Thumb Code    88  driver_mcu_spi.o(.text.Deinitialize)
    [Anonymous Symbol]                       0x00001b94   Section        0  driver_mcu_spi.o(.text.Deinitialize)
    __arm_cp.3_0                             0x00001bd8   Number         4  driver_mcu_spi.o(.text.Deinitialize)
    __arm_cp.3_1                             0x00001bdc   Number         4  driver_mcu_spi.o(.text.Deinitialize)
    __arm_cp.3_2                             0x00001be0   Number         4  driver_mcu_spi.o(.text.Deinitialize)
    __arm_cp.3_3                             0x00001be4   Number         4  driver_mcu_spi.o(.text.Deinitialize)
    __arm_cp.3_4                             0x00001be8   Number         4  driver_mcu_spi.o(.text.Deinitialize)
    Deinitialize                             0x00001bed   Thumb Code     2  driver_mpu9250.o(.text.Deinitialize)
    [Anonymous Symbol]                       0x00001bec   Section        0  driver_mpu9250.o(.text.Deinitialize)
    [Anonymous Symbol]                       0x00001bf0   Section        0  application.o(.text.DelayUs)
    __arm_cp.10_0                            0x00001c34   Number         4  application.o(.text.DelayUs)
    Event_FifoOverflow                       0x00001c39   Thumb Code    10  driver_mpu9250.o(.text.Event_FifoOverflow)
    [Anonymous Symbol]                       0x00001c38   Section        0  driver_mpu9250.o(.text.Event_FifoOverflow)
    Event_Fsync                              0x00001c43   Thumb Code    10  driver_mpu9250.o(.text.Event_Fsync)
    [Anonymous Symbol]                       0x00001c42   Section        0  driver_mpu9250.o(.text.Event_Fsync)
    Event_RawDataReady                       0x00001c4d   Thumb Code    10  driver_mpu9250.o(.text.Event_RawDataReady)
    [Anonymous Symbol]                       0x00001c4c   Section        0  driver_mpu9250.o(.text.Event_RawDataReady)
    Event_WakeOnMotion                       0x00001c57   Thumb Code    10  driver_mpu9250.o(.text.Event_WakeOnMotion)
    [Anonymous Symbol]                       0x00001c56   Section        0  driver_mpu9250.o(.text.Event_WakeOnMotion)
    [Anonymous Symbol]                       0x00001c60   Section        0  application.o(.text.GPABC_IRQHandler)
    __arm_cp.12_0                            0x00001cb0   Number         4  application.o(.text.GPABC_IRQHandler)
    __arm_cp.12_2                            0x00001cc4   Number         4  application.o(.text.GPABC_IRQHandler)
    __arm_cp.12_3                            0x00001cc8   Number         4  application.o(.text.GPABC_IRQHandler)
    [Anonymous Symbol]                       0x00001ccc   Section        0  application.o(.text.GPDEF_IRQHandler)
    __arm_cp.13_0                            0x00001d7c   Number         4  application.o(.text.GPDEF_IRQHandler)
    __arm_cp.13_1                            0x00001d80   Number         4  application.o(.text.GPDEF_IRQHandler)
    __arm_cp.13_4                            0x00001d9c   Number         4  application.o(.text.GPDEF_IRQHandler)
    __arm_cp.13_7                            0x00001dd0   Number         4  application.o(.text.GPDEF_IRQHandler)
    __arm_cp.13_9                            0x00001de0   Number         4  application.o(.text.GPDEF_IRQHandler)
    [Anonymous Symbol]                       0x00001e18   Section        0  gpio.o(.text.GPIO_EnableInt)
    [Anonymous Symbol]                       0x00001e34   Section        0  gpio.o(.text.GPIO_SetMode)
    [Anonymous Symbol]                       0x00001e60   Section        0  application.o(.text.HIRC_IRQHandler)
    __arm_cp.16_0                            0x00001ea8   Number         4  application.o(.text.HIRC_IRQHandler)
    [Anonymous Symbol]                       0x00001f08   Section        0  retarget.o(.text.HardFault_Handler)
    __arm_cp.2_0                             0x00001f24   Number         4  retarget.o(.text.HardFault_Handler)
    [Anonymous Symbol]                       0x00001f28   Section        0  retarget.o(.text.Hard_Fault_Handler)
    I2cMstRead                               0x00001f51   Thumb Code   154  driver_mpu9250.o(.text.I2cMstRead)
    [Anonymous Symbol]                       0x00001f50   Section        0  driver_mpu9250.o(.text.I2cMstRead)
    I2cMstWriteByte                          0x00001feb   Thumb Code   118  driver_mpu9250.o(.text.I2cMstWriteByte)
    [Anonymous Symbol]                       0x00001fea   Section        0  driver_mpu9250.o(.text.I2cMstWriteByte)
    I2cSlvDataRead                           0x00002061   Thumb Code    50  driver_mpu9250.o(.text.I2cSlvDataRead)
    [Anonymous Symbol]                       0x00002060   Section        0  driver_mpu9250.o(.text.I2cSlvDataRead)
    Initialize                               0x00002095   Thumb Code   152  driver_mcu_spi.o(.text.Initialize)
    [Anonymous Symbol]                       0x00002094   Section        0  driver_mcu_spi.o(.text.Initialize)
    __arm_cp.2_2                             0x00002110   Number         4  driver_mcu_spi.o(.text.Initialize)
    __arm_cp.2_3                             0x00002114   Number         4  driver_mcu_spi.o(.text.Initialize)
    __arm_cp.2_4                             0x00002118   Number         4  driver_mcu_spi.o(.text.Initialize)
    __arm_cp.2_5                             0x0000211c   Number         4  driver_mcu_spi.o(.text.Initialize)
    __arm_cp.2_6                             0x00002120   Number         4  driver_mcu_spi.o(.text.Initialize)
    __arm_cp.2_7                             0x00002124   Number         4  driver_mcu_spi.o(.text.Initialize)
    __arm_cp.2_8                             0x00002128   Number         4  driver_mcu_spi.o(.text.Initialize)
    Initialize                               0x0000212d   Thumb Code     2  driver_mpu9250.o(.text.Initialize)
    [Anonymous Symbol]                       0x0000212c   Section        0  driver_mpu9250.o(.text.Initialize)
    [Anonymous Symbol]                       0x00002130   Section        0  application.o(.text.MCU_ClkInit)
    __arm_cp.5_0                             0x00002210   Number         4  application.o(.text.MCU_ClkInit)
    __arm_cp.5_1                             0x00002214   Number         4  application.o(.text.MCU_ClkInit)
    [Anonymous Symbol]                       0x00002218   Section        0  application.o(.text.MCU_GpioInit)
    __arm_cp.4_0                             0x0000231c   Number         4  application.o(.text.MCU_GpioInit)
    __arm_cp.4_1                             0x00002320   Number         4  application.o(.text.MCU_GpioInit)
    __arm_cp.4_2                             0x00002324   Number         4  application.o(.text.MCU_GpioInit)
    __arm_cp.4_3                             0x00002328   Number         4  application.o(.text.MCU_GpioInit)
    __arm_cp.4_4                             0x0000232c   Number         4  application.o(.text.MCU_GpioInit)
    __arm_cp.4_5                             0x00002330   Number         4  application.o(.text.MCU_GpioInit)
    [Anonymous Symbol]                       0x00002334   Section        0  boot.o(.text.MCU_Init)
    __arm_cp.0_0                             0x00002378   Number         4  boot.o(.text.MCU_Init)
    __arm_cp.0_1                             0x0000237c   Number         4  boot.o(.text.MCU_Init)
    [Anonymous Symbol]                       0x00002380   Section        0  application.o(.text.MCU_NvicInit)
    __arm_cp.9_0                             0x00002388   Number         4  application.o(.text.MCU_NvicInit)
    [Anonymous Symbol]                       0x0000238c   Section        0  application.o(.text.MCU_PinInit)
    __arm_cp.3_0                             0x000023d4   Number         4  application.o(.text.MCU_PinInit)
    __arm_cp.3_1                             0x000023d8   Number         4  application.o(.text.MCU_PinInit)
    __arm_cp.3_2                             0x000023dc   Number         4  application.o(.text.MCU_PinInit)
    __arm_cp.3_3                             0x000023e0   Number         4  application.o(.text.MCU_PinInit)
    __arm_cp.3_4                             0x000023e4   Number         4  application.o(.text.MCU_PinInit)
    __arm_cp.3_5                             0x000023e8   Number         4  application.o(.text.MCU_PinInit)
    [Anonymous Symbol]                       0x000023ec   Section        0  application.o(.text.MCU_RtcInit)
    __arm_cp.7_0                             0x00002404   Number         4  application.o(.text.MCU_RtcInit)
    __arm_cp.7_1                             0x00002408   Number         4  application.o(.text.MCU_RtcInit)
    [Anonymous Symbol]                       0x0000240c   Section        0  application.o(.text.MCU_SpiInit)
    __arm_cp.8_0                             0x00002424   Number         4  application.o(.text.MCU_SpiInit)
    __arm_cp.8_1                             0x00002428   Number         4  application.o(.text.MCU_SpiInit)
    [Anonymous Symbol]                       0x0000242c   Section        0  application.o(.text.MCU_SysTickDelayUs)
    [Anonymous Symbol]                       0x00002440   Section        0  application.o(.text.MCU_SysTickInit)
    __arm_cp.2_0                             0x00002498   Number         4  application.o(.text.MCU_SysTickInit)
    __arm_cp.2_1                             0x0000249c   Number         4  application.o(.text.MCU_SysTickInit)
    [Anonymous Symbol]                       0x000024a0   Section        0  application.o(.text.MCU_UartInit)
    __arm_cp.6_0                             0x000024d4   Number         4  application.o(.text.MCU_UartInit)
    __arm_cp.6_1                             0x000024d8   Number         4  application.o(.text.MCU_UartInit)
    __arm_cp.6_2                             0x000024dc   Number         4  application.o(.text.MCU_UartInit)
    __arm_cp.6_3                             0x000024e0   Number         4  application.o(.text.MCU_UartInit)
    [Anonymous Symbol]                       0x00002508   Section        0  application.o(.text.MPU9250_Init)
    __arm_cp.0_0                             0x00002518   Number         4  application.o(.text.MPU9250_Init)
    [Anonymous Symbol]                       0x0000251c   Section        0  main.o(.text.MPU_init)
    __arm_cp.1_0                             0x000026a0   Number         4  main.o(.text.MPU_init)
    __arm_cp.1_1                             0x000026a4   Number         4  main.o(.text.MPU_init)
    __arm_cp.1_5                             0x000026d4   Number         4  main.o(.text.MPU_init)
    __arm_cp.1_8                             0x000026fc   Number         4  main.o(.text.MPU_init)
    [Anonymous Symbol]                       0x0000273c   Section        0  rtc.o(.text.RTC_32KCalibration)
    __arm_cp.1_0                             0x00002764   Number         4  rtc.o(.text.RTC_32KCalibration)
    __arm_cp.1_1                             0x00002768   Number         4  rtc.o(.text.RTC_32KCalibration)
    __arm_cp.1_2                             0x0000276c   Number         4  rtc.o(.text.RTC_32KCalibration)
    [Anonymous Symbol]                       0x00002770   Section        0  rtc.o(.text.RTC_Open)
    __arm_cp.2_0                             0x00002864   Number         4  rtc.o(.text.RTC_Open)
    __arm_cp.2_1                             0x00002868   Number         4  rtc.o(.text.RTC_Open)
    __arm_cp.2_2                             0x0000286c   Number         4  rtc.o(.text.RTC_Open)
    __arm_cp.2_3                             0x00002870   Number         4  rtc.o(.text.RTC_Open)
    __arm_cp.2_4                             0x00002874   Number         4  rtc.o(.text.RTC_Open)
    [Anonymous Symbol]                       0x00002878   Section        0  rtc.o(.text.RTC_RWEN)
    __arm_cp.0_0                             0x0000288c   Number         4  rtc.o(.text.RTC_RWEN)
    __arm_cp.0_1                             0x00002890   Number         4  rtc.o(.text.RTC_RWEN)
    Read                                     0x00002895   Thumb Code     8  driver_mcu_spi.o(.text.Read)
    [Anonymous Symbol]                       0x00002894   Section        0  driver_mcu_spi.o(.text.Read)
    ReadAndWrite                             0x0000289d   Thumb Code   100  driver_mcu_spi.o(.text.ReadAndWrite)
    [Anonymous Symbol]                       0x0000289c   Section        0  driver_mcu_spi.o(.text.ReadAndWrite)
    ReadRegister                             0x00002901   Thumb Code    76  driver_mpu9250.o(.text.ReadRegister)
    [Anonymous Symbol]                       0x00002900   Section        0  driver_mpu9250.o(.text.ReadRegister)
    [Anonymous Symbol]                       0x0000294c   Section        0  spi.o(.text.SPI_Open)
    [Anonymous Symbol]                       0x00002968   Section        0  spi.o(.text.SPI_SetBusClock)
    __arm_cp.1_0                             0x00002a54   Number         4  spi.o(.text.SPI_SetBusClock)
    __arm_cp.1_1                             0x00002a58   Number         4  spi.o(.text.SPI_SetBusClock)
    __arm_cp.1_2                             0x00002a5c   Number         4  spi.o(.text.SPI_SetBusClock)
    [Anonymous Symbol]                       0x00002a60   Section        0  sys.o(.text.SYS_EnableHIRC0Trim)
    __arm_cp.12_0                            0x00002a7c   Number         4  sys.o(.text.SYS_EnableHIRC0Trim)
    [Anonymous Symbol]                       0x00002a80   Section        0  sys.o(.text.SYS_EnableHIRC1Trim)
    __arm_cp.14_0                            0x00002a9c   Number         4  sys.o(.text.SYS_EnableHIRC1Trim)
    [Anonymous Symbol]                       0x00002aa0   Section        0  sys.o(.text.SYS_EnableMIRCTrim)
    __arm_cp.16_0                            0x00002abc   Number         4  sys.o(.text.SYS_EnableMIRCTrim)
    [Anonymous Symbol]                       0x00002ac0   Section        0  sys.o(.text.SYS_ResetModule)
    __arm_cp.7_0                             0x00002ae0   Number         4  sys.o(.text.SYS_ResetModule)
    [Anonymous Symbol]                       0x00002ae4   Section        0  retarget.o(.text.SendChar_ToUART)
    SetRegisters                             0x00002b05   Thumb Code    46  driver_mpu9250.o(.text.SetRegisters)
    [Anonymous Symbol]                       0x00002b04   Section        0  driver_mpu9250.o(.text.SetRegisters)
    [Anonymous Symbol]                       0x00002b34   Section        0  system_nano103.o(.text.SysGet_HCLKFreq)
    __arm_cp.1_5                             0x00002b8c   Number         4  system_nano103.o(.text.SysGet_HCLKFreq)
    [Anonymous Symbol]                       0x00002b90   Section        0  system_nano103.o(.text.SysGet_PLLClockFreq)
    __arm_cp.0_0                             0x00002be0   Number         4  system_nano103.o(.text.SysGet_PLLClockFreq)
    __arm_cp.0_1                             0x00002be4   Number         4  system_nano103.o(.text.SysGet_PLLClockFreq)
    __arm_cp.0_2                             0x00002be8   Number         4  system_nano103.o(.text.SysGet_PLLClockFreq)
    __arm_cp.0_3                             0x00002bec   Number         4  system_nano103.o(.text.SysGet_PLLClockFreq)
    __arm_cp.0_4                             0x00002bf0   Number         4  system_nano103.o(.text.SysGet_PLLClockFreq)
    [Anonymous Symbol]                       0x00002bf4   Section        0  application.o(.text.SysTick_Handler)
    [Anonymous Symbol]                       0x00002bf8   Section        0  system_nano103.o(.text.SystemCoreClockUpdate)
    __arm_cp.2_0                             0x00002c10   Number         4  system_nano103.o(.text.SystemCoreClockUpdate)
    __arm_cp.2_1                             0x00002c14   Number         4  system_nano103.o(.text.SystemCoreClockUpdate)
    __arm_cp.2_2                             0x00002c18   Number         4  system_nano103.o(.text.SystemCoreClockUpdate)
    [Anonymous Symbol]                       0x00002c1c   Section        0  system_nano103.o(.text.SystemInit)
    __arm_cp.3_0                             0x00002c44   Number         4  system_nano103.o(.text.SystemInit)
    __arm_cp.3_1                             0x00002c48   Number         4  system_nano103.o(.text.SystemInit)
    __arm_cp.3_2                             0x00002c4c   Number         4  system_nano103.o(.text.SystemInit)
    __arm_cp.3_3                             0x00002c50   Number         4  system_nano103.o(.text.SystemInit)
    __arm_cp.3_4                             0x00002c54   Number         4  system_nano103.o(.text.SystemInit)
    __arm_cp.3_5                             0x00002c58   Number         4  system_nano103.o(.text.SystemInit)
    __arm_cp.3_6                             0x00002c5c   Number         4  system_nano103.o(.text.SystemInit)
    Trigger                                  0x00002c61   Thumb Code    12  driver_mcu_spi.o(.text.Trigger)
    [Anonymous Symbol]                       0x00002c60   Section        0  driver_mcu_spi.o(.text.Trigger)
    [Anonymous Symbol]                       0x00002c6c   Section        0  application.o(.text.UART0_IRQHandler)
    __arm_cp.14_0                            0x00002cb4   Number         4  application.o(.text.UART0_IRQHandler)
    __arm_cp.14_2                            0x00002cd0   Number         4  application.o(.text.UART0_IRQHandler)
    [Anonymous Symbol]                       0x00002d00   Section        0  uart.o(.text.UART_ClearIntFlag)
    [Anonymous Symbol]                       0x00002d40   Section        0  uart.o(.text.UART_Open)
    __arm_cp.7_0                             0x00002d88   Number         4  uart.o(.text.UART_Open)
    Updata                                   0x00002d8d   Thumb Code   122  driver_mpu9250.o(.text.Updata)
    [Anonymous Symbol]                       0x00002d8c   Section        0  driver_mpu9250.o(.text.Updata)
    Write                                    0x00002e07   Thumb Code     6  driver_mcu_spi.o(.text.Write)
    [Anonymous Symbol]                       0x00002e06   Section        0  driver_mcu_spi.o(.text.Write)
    WriteRegister                            0x00002e0d   Thumb Code    52  driver_mpu9250.o(.text.WriteRegister)
    [Anonymous Symbol]                       0x00002e0c   Section        0  driver_mpu9250.o(.text.WriteRegister)
    [Anonymous Symbol]                       0x00002e40   Section        0  uart.o(.text._UART_GetUartClk)
    __arm_cp.0_0                             0x00002ed8   Number         4  uart.o(.text._UART_GetUartClk)
    __arm_cp.0_1                             0x00002edc   Number         4  uart.o(.text._UART_GetUartClk)
    __arm_cp.0_2                             0x00002ee0   Number         4  uart.o(.text._UART_GetUartClk)
    __arm_cp.0_3                             0x00002ee4   Number         4  uart.o(.text._UART_GetUartClk)
    __arm_cp.0_4                             0x00002ee8   Number         4  uart.o(.text._UART_GetUartClk)
    __arm_cp.0_5                             0x00002eec   Number         4  uart.o(.text._UART_GetUartClk)
    __arm_cp.0_6                             0x00002ef0   Number         4  uart.o(.text._UART_GetUartClk)
    __arm_cp.0_7                             0x00002ef4   Number         4  uart.o(.text._UART_GetUartClk)
    __arm_cp.0_8                             0x00002ef8   Number         4  uart.o(.text._UART_GetUartClk)
    __arm_cp.0_9                             0x00002efc   Number         4  uart.o(.text._UART_GetUartClk)
    __arm_cp.0_10                            0x00002f00   Number         4  uart.o(.text._UART_GetUartClk)
    [Anonymous Symbol]                       0x00002f04   Section        0  retarget.o(.text.fputc)
    [Anonymous Symbol]                       0x00002f10   Section        0  main.o(.text.main)
    [Anonymous Symbol]                       0x00002f2c   Section        0  retarget.o(.text.stackDump)
    __arm_cp.0_1                             0x00002f70   Number         4  retarget.o(.text.stackDump)
    [Anonymous Symbol]                       0x00002fc8   Section        0  vmemalloc.o(.text.vMemAlloc)
    __arm_cp.0_1                             0x00003084   Number         4  vmemalloc.o(.text.vMemAlloc)
    __arm_cp.0_2                             0x00003088   Number         4  vmemalloc.o(.text.vMemAlloc)
    [Anonymous Symbol]                       0x0000308c   Section        0  vmemalloc.o(.text.vMemCopy)
    [Anonymous Symbol]                       0x000030a0   Section        0  vmemalloc.o(.text.vMemFree)
    __arm_cp.1_0                             0x00003100   Number         4  vmemalloc.o(.text.vMemFree)
    i.__ARM_common_ll_muluu                  0x00003104   Section        0  btod.o(i.__ARM_common_ll_muluu)
    i.__ARM_fpclassify                       0x00003134   Section        0  fpclassify.o(i.__ARM_fpclassify)
    i._fleq                                  0x00003160   Section        0  fcmp.o(i._fleq)
    i._is_digit                              0x0000317a   Section        0  __printf_wp.o(i._is_digit)
    locale$$code                             0x00003188   Section       44  lc_numeric_c.o(locale$$code)
    x$fpl$fleqf                              0x000031b4   Section       84  flef.o(x$fpl$fleqf)
    x$fpl$printf1                            0x00003208   Section       16  printf1.o(x$fpl$printf1)
    uc_hextab                                0x00003218   Data          20  _printf_hex_int.o(.constdata)
    .constdata                               0x00003218   Section       40  _printf_hex_int.o(.constdata)
    x$fpl$usenofp                            0x00003218   Section        0  usenofp.o(x$fpl$usenofp)
    lc_hextab                                0x0000322c   Data          20  _printf_hex_int.o(.constdata)
    maptable                                 0x00003240   Data          17  __printf_flags_wp.o(.constdata)
    .constdata                               0x00003240   Section       17  __printf_flags_wp.o(.constdata)
    fdiv_tab                                 0x00003251   Data          64  fdiv.o(.constdata)
    .constdata                               0x00003251   Section       64  fdiv.o(.constdata)
    tenpwrs_x                                0x00003294   Data          60  bigflt0.o(.constdata)
    .constdata                               0x00003294   Section      148  bigflt0.o(.constdata)
    tenpwrs_i                                0x000032d0   Data          64  bigflt0.o(.constdata)
    .L.str.3                                 0x00003328   Data          13  application.o(.rodata.str1.1)
    .Lstr.42                                 0x00003328   Data          33  application.o(.rodata.str1.1)
    [Anonymous Symbol]                       0x00003328   Section        0  application.o(.rodata.str1.1)
    .L.str.4                                 0x00003335   Data          13  application.o(.rodata.str1.1)
    .Lstr.35                                 0x00003342   Data          16  application.o(.rodata.str1.1)
    locale$$data                             0x0000336c   Section       28  lc_numeric_c.o(locale$$data)
    __lcnum_c_name                           0x00003370   Data           2  lc_numeric_c.o(locale$$data)
    __lcnum_c_start                          0x00003378   Data           0  lc_numeric_c.o(locale$$data)
    __lcnum_c_point                          0x00003384   Data           0  lc_numeric_c.o(locale$$data)
    __lcnum_c_thousands                      0x00003386   Data           0  lc_numeric_c.o(locale$$data)
    __lcnum_c_grouping                       0x00003387   Data           0  lc_numeric_c.o(locale$$data)
    __lcnum_c_end                            0x00003388   Data           0  lc_numeric_c.o(locale$$data)
    [Anonymous Symbol]                       0x20000000   Section        0  system_nano103.o(.data..L_MergedGlobals)
    .bss                                     0x20000008   Section       96  libspace.o(.bss)
    [Anonymous Symbol]                       0x20000068   Section        0  application.o(.bss..L_MergedGlobals)
    [Anonymous Symbol]                       0x20000070   Section        0  vmemalloc.o(.bss..L_MergedGlobals)
    FreeSize                                 0x20000074   Data           4  vmemalloc.o(.bss..L_MergedGlobals)
    g_u32Reg                                 0x20000084   Data           4  rtc.o(.bss.g_u32Reg)
    [Anonymous Symbol]                       0x20000084   Section        0  rtc.o(.bss.g_u32Reg)
    memArr                                   0x20000088   Data        5000  vmemalloc.o(.bss.memArr)
    [Anonymous Symbol]                       0x20000088   Section        0  vmemalloc.o(.bss.memArr)
    Heap_Mem                                 0x20001418   Data         512  startup_nano103.o(HEAP)
    HEAP                                     0x20001418   Section      512  startup_nano103.o(HEAP)
    Stack_Mem                                0x20001618   Data        1280  startup_nano103.o(STACK)
    STACK                                    0x20001618   Section     1280  startup_nano103.o(STACK)
    __initial_sp                             0x20001b18   Data           0  startup_nano103.o(STACK)

    Global Symbols

    Symbol Name                              Value     Ov Type        Size  Object(Section)

    BuildAttributes$$THM_ISAv3M$S$PE$A:L22$X:L11$S22$IEEE1$IW$~IW$USESV6$~STKCKD$USESV7$WCHAR32$ENUMINT$~SHL$OTIME$ROPI$IEEEJ$EBA8$UX$STANDARDLIB$REQ8$PRES8$EABIv2 0x00000000   Number         0  anon$$obj.o ABSOLUTE
    __Vectors                                0x00000000   Data           4  startup_nano103.o(RESET)
    _printf_flags                            0x00000000   Number         0  printf_stubs.o ABSOLUTE
    _printf_return_value                     0x00000000   Number         0  printf_stubs.o ABSOLUTE
    _printf_sizespec                         0x00000000   Number         0  printf_stubs.o ABSOLUTE
    _printf_widthprec                        0x00000000   Number         0  printf_stubs.o ABSOLUTE
    __ARM_exceptions_init                     - Undefined Weak Reference
    __alloca_initialize                       - Undefined Weak Reference
    __arm_preinit_                            - Undefined Weak Reference
    __cpp_initialize__aeabi_                  - Undefined Weak Reference
    __cxa_finalize                            - Undefined Weak Reference
    __sigvec_lookup                           - Undefined Weak Reference
    _atexit_init                              - Undefined Weak Reference
    _call_atexit_fns                          - Undefined Weak Reference
    _clock_init                               - Undefined Weak Reference
    _fp_trap_init                             - Undefined Weak Reference
    _fp_trap_shutdown                         - Undefined Weak Reference
    _get_lc_collate                           - Undefined Weak Reference
    _get_lc_ctype                             - Undefined Weak Reference
    _get_lc_monetary                          - Undefined Weak Reference
    _get_lc_time                              - Undefined Weak Reference
    _getenv_init                              - Undefined Weak Reference
    _handle_redirection                       - Undefined Weak Reference
    _init_alloc                               - Undefined Weak Reference
    _init_user_alloc                          - Undefined Weak Reference
    _initio                                   - Undefined Weak Reference
    _mutex_acquire                            - Undefined Weak Reference
    _mutex_release                            - Undefined Weak Reference
    _printf_mbtowc                            - Undefined Weak Reference
    _printf_truncate_signed                   - Undefined Weak Reference
    _printf_truncate_unsigned                 - Undefined Weak Reference
    _rand_init                                - Undefined Weak Reference
    _signal_finish                            - Undefined Weak Reference
    _signal_init                              - Undefined Weak Reference
    _terminate_alloc                          - Undefined Weak Reference
    _terminate_user_alloc                     - Undefined Weak Reference
    _terminateio                              - Undefined Weak Reference
    __main                                   0x000000c1   Thumb Code     8  __main.o(!!!main)
    __scatterload                            0x000000c9   Thumb Code     0  __scatter.o(!!!scatter)
    __scatterload_rt2                        0x000000c9   Thumb Code    52  __scatter.o(!!!scatter)
    __scatterload_rt2_thumb_only             0x000000c9   Thumb Code     0  __scatter.o(!!!scatter)
    __scatterload_null                       0x000000d9   Thumb Code     0  __scatter.o(!!!scatter)
    __scatterload_copy                       0x00000105   Thumb Code    26  __scatter_copy.o(!!handler_copy)
    __scatterload_zeroinit                   0x00000121   Thumb Code    28  __scatter_zi.o(!!handler_zi)
    _printf_percent                          0x0000013d   Thumb Code     0  _printf_percent.o(.ARM.Collect$$_printf_percent$$00000000)
    _printf_f                                0x0000013f   Thumb Code     0  _printf_f.o(.ARM.Collect$$_printf_percent$$00000003)
    _printf_d                                0x00000149   Thumb Code     0  _printf_d.o(.ARM.Collect$$_printf_percent$$00000009)
    _printf_x                                0x00000153   Thumb Code     0  _printf_x.o(.ARM.Collect$$_printf_percent$$0000000C)
    _printf_c                                0x0000015d   Thumb Code     0  _printf_c.o(.ARM.Collect$$_printf_percent$$00000013)
    _printf_s                                0x00000167   Thumb Code     0  _printf_s.o(.ARM.Collect$$_printf_percent$$00000014)
    _printf_percent_end                      0x00000171   Thumb Code     0  _printf_percent_end.o(.ARM.Collect$$_printf_percent$$00000017)
    __rt_lib_init                            0x00000175   Thumb Code     0  libinit.o(.ARM.Collect$$libinit$$00000000)
    __rt_lib_init_fp_1                       0x00000177   Thumb Code     0  libinit2.o(.ARM.Collect$$libinit$$00000002)
    __rt_lib_init_heap_1                     0x00000177   Thumb Code     0  libinit2.o(.ARM.Collect$$libinit$$0000000A)
    __rt_lib_init_lc_common                  0x00000177   Thumb Code     0  libinit2.o(.ARM.Collect$$libinit$$0000000F)
    __rt_lib_init_preinit_1                  0x00000177   Thumb Code     0  libinit2.o(.ARM.Collect$$libinit$$00000004)
    __rt_lib_init_rand_1                     0x00000177   Thumb Code     0  libinit2.o(.ARM.Collect$$libinit$$0000000E)
    __rt_lib_init_user_alloc_1               0x00000177   Thumb Code     0  libinit2.o(.ARM.Collect$$libinit$$0000000C)
    __rt_lib_init_lc_collate_1               0x0000017d   Thumb Code     0  libinit2.o(.ARM.Collect$$libinit$$00000011)
    __rt_lib_init_lc_ctype_1                 0x0000017d   Thumb Code     0  libinit2.o(.ARM.Collect$$libinit$$00000013)
    __rt_lib_init_lc_monetary_1              0x0000017d   Thumb Code     0  libinit2.o(.ARM.Collect$$libinit$$00000015)
    __rt_lib_init_lc_numeric_2               0x0000017d   Thumb Code     0  libinit2.o(.ARM.Collect$$libinit$$00000016)
    __rt_lib_init_alloca_1                   0x00000187   Thumb Code     0  libinit2.o(.ARM.Collect$$libinit$$0000002E)
    __rt_lib_init_argv_1                     0x00000187   Thumb Code     0  libinit2.o(.ARM.Collect$$libinit$$0000002C)
    __rt_lib_init_atexit_1                   0x00000187   Thumb Code     0  libinit2.o(.ARM.Collect$$libinit$$0000001B)
    __rt_lib_init_clock_1                    0x00000187   Thumb Code     0  libinit2.o(.ARM.Collect$$libinit$$00000021)
    __rt_lib_init_cpp_1                      0x00000187   Thumb Code     0  libinit2.o(.ARM.Collect$$libinit$$00000032)
    __rt_lib_init_exceptions_1               0x00000187   Thumb Code     0  libinit2.o(.ARM.Collect$$libinit$$00000030)
    __rt_lib_init_fp_trap_1                  0x00000187   Thumb Code     0  libinit2.o(.ARM.Collect$$libinit$$0000001F)
    __rt_lib_init_getenv_1                   0x00000187   Thumb Code     0  libinit2.o(.ARM.Collect$$libinit$$00000023)
    __rt_lib_init_lc_numeric_1               0x00000187   Thumb Code     0  libinit2.o(.ARM.Collect$$libinit$$00000017)
    __rt_lib_init_lc_time_1                  0x00000187   Thumb Code     0  libinit2.o(.ARM.Collect$$libinit$$00000019)
    __rt_lib_init_return                     0x00000187   Thumb Code     0  libinit2.o(.ARM.Collect$$libinit$$00000033)
    __rt_lib_init_signal_1                   0x00000187   Thumb Code     0  libinit2.o(.ARM.Collect$$libinit$$0000001D)
    __rt_lib_init_stdio_1                    0x00000187   Thumb Code     0  libinit2.o(.ARM.Collect$$libinit$$00000025)
    __rt_lib_shutdown                        0x00000189   Thumb Code     0  libshutdown.o(.ARM.Collect$$libshutdown$$00000000)
    __rt_lib_shutdown_cpp_1                  0x0000018b   Thumb Code     0  libshutdown2.o(.ARM.Collect$$libshutdown$$00000002)
    __rt_lib_shutdown_fp_trap_1              0x0000018b   Thumb Code     0  libshutdown2.o(.ARM.Collect$$libshutdown$$00000007)
    __rt_lib_shutdown_heap_1                 0x0000018b   Thumb Code     0  libshutdown2.o(.ARM.Collect$$libshutdown$$0000000F)
    __rt_lib_shutdown_return                 0x0000018b   Thumb Code     0  libshutdown2.o(.ARM.Collect$$libshutdown$$00000010)
    __rt_lib_shutdown_signal_1               0x0000018b   Thumb Code     0  libshutdown2.o(.ARM.Collect$$libshutdown$$0000000A)
    __rt_lib_shutdown_stdio_1                0x0000018b   Thumb Code     0  libshutdown2.o(.ARM.Collect$$libshutdown$$00000004)
    __rt_lib_shutdown_user_alloc_1           0x0000018b   Thumb Code     0  libshutdown2.o(.ARM.Collect$$libshutdown$$0000000C)
    __rt_entry                               0x0000018d   Thumb Code     0  __rtentry.o(.ARM.Collect$$rtentry$$00000000)
    __rt_entry_presh_1                       0x0000018d   Thumb Code     0  __rtentry2.o(.ARM.Collect$$rtentry$$00000002)
    __rt_entry_sh                            0x0000018d   Thumb Code     0  __rtentry4.o(.ARM.Collect$$rtentry$$00000004)
    __rt_entry_li                            0x00000193   Thumb Code     0  __rtentry2.o(.ARM.Collect$$rtentry$$0000000A)
    __rt_entry_postsh_1                      0x00000193   Thumb Code     0  __rtentry2.o(.ARM.Collect$$rtentry$$00000009)
    __rt_entry_main                          0x00000197   Thumb Code     0  __rtentry2.o(.ARM.Collect$$rtentry$$0000000D)
    __rt_entry_postli_1                      0x00000197   Thumb Code     0  __rtentry2.o(.ARM.Collect$$rtentry$$0000000C)
    __rt_exit                                0x0000019f   Thumb Code     0  rtexit.o(.ARM.Collect$$rtexit$$00000000)
    __rt_exit_ls                             0x000001a1   Thumb Code     0  rtexit2.o(.ARM.Collect$$rtexit$$00000003)
    __rt_exit_prels_1                        0x000001a1   Thumb Code     0  rtexit2.o(.ARM.Collect$$rtexit$$00000002)
    __rt_exit_exit                           0x000001a5   Thumb Code     0  rtexit2.o(.ARM.Collect$$rtexit$$00000004)
    Reset_Handler                            0x000001ad   Thumb Code    40  startup_nano103.o(.text)
    NMI_Handler                              0x000001d5   Thumb Code     2  startup_nano103.o(.text)
    SVC_Handler                              0x000001d9   Thumb Code     2  startup_nano103.o(.text)
    PendSV_Handler                           0x000001db   Thumb Code     2  startup_nano103.o(.text)
    ACMP_IRQHandler                          0x000001df   Thumb Code     0  startup_nano103.o(.text)
    ADC_IRQHandler                           0x000001df   Thumb Code     0  startup_nano103.o(.text)
    BOD_IRQHandler                           0x000001df   Thumb Code     0  startup_nano103.o(.text)
    EINT0_IRQHandler                         0x000001df   Thumb Code     0  startup_nano103.o(.text)
    EINT1_IRQHandler                         0x000001df   Thumb Code     0  startup_nano103.o(.text)
    I2C0_IRQHandler                          0x000001df   Thumb Code     0  startup_nano103.o(.text)
    I2C1_IRQHandler                          0x000001df   Thumb Code     0  startup_nano103.o(.text)
    PDMA_IRQHandler                          0x000001df   Thumb Code     0  startup_nano103.o(.text)
    PDWU_IRQHandler                          0x000001df   Thumb Code     0  startup_nano103.o(.text)
    PWM0_IRQHandler                          0x000001df   Thumb Code     0  startup_nano103.o(.text)
    RTC_IRQHandler                           0x000001df   Thumb Code     0  startup_nano103.o(.text)
    SC0_IRQHandler                           0x000001df   Thumb Code     0  startup_nano103.o(.text)
    SC1_IRQHandler                           0x000001df   Thumb Code     0  startup_nano103.o(.text)
    SPI0_IRQHandler                          0x000001df   Thumb Code     0  startup_nano103.o(.text)
    SPI1_IRQHandler                          0x000001df   Thumb Code     0  startup_nano103.o(.text)
    SPI2_IRQHandler                          0x000001df   Thumb Code     0  startup_nano103.o(.text)
    SPI3_IRQHandler                          0x000001df   Thumb Code     0  startup_nano103.o(.text)
    TMR0_IRQHandler                          0x000001df   Thumb Code     0  startup_nano103.o(.text)
    TMR1_IRQHandler                          0x000001df   Thumb Code     0  startup_nano103.o(.text)
    TMR2_IRQHandler                          0x000001df   Thumb Code     0  startup_nano103.o(.text)
    TMR3_IRQHandler                          0x000001df   Thumb Code     0  startup_nano103.o(.text)
    UART1_IRQHandler                         0x000001df   Thumb Code     0  startup_nano103.o(.text)
    WDT_IRQHandler                           0x000001df   Thumb Code     0  startup_nano103.o(.text)
    __user_initial_stackheap                 0x000001e1   Thumb Code     0  startup_nano103.o(.text)
    __aeabi_uldivmod                         0x00000225   Thumb Code   272  lludiv.o(.text)
    _ll_udiv                                 0x00000225   Thumb Code     0  lludiv.o(.text)
    __2printf                                0x00000335   Thumb Code    22  noretval__2printf.o(.text)
    _printf_pre_padding                      0x00000351   Thumb Code    44  _printf_pad.o(.text)
    _printf_post_padding                     0x0000037d   Thumb Code    34  _printf_pad.o(.text)
    _printf_str                              0x0000039f   Thumb Code    82  _printf_str.o(.text)
    _printf_int_dec                          0x000003f1   Thumb Code    90  _printf_dec.o(.text)
    _printf_int_hex                          0x0000045d   Thumb Code    84  _printf_hex_int.o(.text)
    _printf_longlong_hex                     0x0000045d   Thumb Code     0  _printf_hex_int.o(.text)
    __printf                                 0x000004b5   Thumb Code   306  __printf_flags_wp.o(.text)
    putchar                                  0x000005ed   Thumb Code    10  putchar.o(.text)
    puts                                     0x000005fd   Thumb Code    38  puts.o(.text)
    __aeabi_uidiv                            0x00000629   Thumb Code     0  aeabi_sdiv.o(.text)
    __aeabi_uidivmod                         0x00000629   Thumb Code    20  aeabi_sdiv.o(.text)
    __aeabi_idiv                             0x0000063d   Thumb Code     0  aeabi_sdiv.o(.text)
    __aeabi_idivmod                          0x0000063d   Thumb Code   338  aeabi_sdiv.o(.text)
    __use_two_region_memory                  0x00000795   Thumb Code     2  heapauxi.o(.text)
    __rt_heap_escrow$2region                 0x00000797   Thumb Code     2  heapauxi.o(.text)
    __rt_heap_expand$2region                 0x00000799   Thumb Code     2  heapauxi.o(.text)
    __aeabi_fdiv                             0x0000079d   Thumb Code     0  fdiv.o(.text)
    _fdiv                                    0x0000079d   Thumb Code   334  fdiv.o(.text)
    _frdiv                                   0x000008eb   Thumb Code     8  fdiv.o(.text)
    __aeabi_f2uiz                            0x000008fd   Thumb Code     0  ffixui.o(.text)
    _ffixu                                   0x000008fd   Thumb Code    48  ffixui.o(.text)
    __aeabi_i2f_normalise                    0x0000092d   Thumb Code    72  fflti.o(.text)
    __aeabi_i2f                              0x00000975   Thumb Code    16  fflti.o(.text)
    _fflt                                    0x00000975   Thumb Code     0  fflti.o(.text)
    __aeabi_ui2f                             0x00000985   Thumb Code     6  fflti.o(.text)
    _ffltu                                   0x00000985   Thumb Code     0  fflti.o(.text)
    _printf_int_common                       0x0000098b   Thumb Code   176  _printf_intcommon.o(.text)
    _printf_fp_dec_real                      0x00000bd9   Thumb Code   620  _printf_fp_dec.o(.text)
    _printf_cs_common                        0x00000e51   Thumb Code    22  _printf_char.o(.text)
    _printf_char                             0x00000e67   Thumb Code    16  _printf_char.o(.text)
    _printf_string                           0x00000e77   Thumb Code     8  _printf_char.o(.text)
    _printf_char_file                        0x00000e81   Thumb Code    34  _printf_char_file.o(.text)
    __rt_udiv10                              0x00000ea9   Thumb Code    40  rtudiv10.o(.text)
    __rt_locale                              0x00000ed1   Thumb Code     8  rt_locale_intlibspace.o(.text)
    _ll_udiv10                               0x00000ed9   Thumb Code   122  lludiv10.o(.text)
    _printf_char_common                      0x00000f5f   Thumb Code    32  _printf_char_common.o(.text)
    _printf_fp_infnan                        0x00000f85   Thumb Code   120  _printf_fp_infnan.o(.text)
    _btod_etento                             0x0000100d   Thumb Code   210  bigflt0.o(.text)
    _btod_d2e                                0x000010e5   Thumb Code    64  btod.o(.text)
    _btod_emul                               0x00001519   Thumb Code    28  btod.o(.text)
    _btod_emuld                              0x00001535   Thumb Code   144  btod.o(.text)
    _btod_ediv                               0x000015c5   Thumb Code    26  btod.o(.text)
    _btod_edivd                              0x000015df   Thumb Code   124  btod.o(.text)
    ferror                                   0x00001665   Thumb Code     8  ferror.o(.text)
    __fpl_fcmp_InfNaN                        0x0000166d   Thumb Code    96  fcmpin.o(.text)
    __user_libspace                          0x000016d1   Thumb Code     8  libspace.o(.text)
    __user_perproc_libspace                  0x000016d1   Thumb Code     0  libspace.o(.text)
    __user_perthread_libspace                0x000016d1   Thumb Code     0  libspace.o(.text)
    __user_setup_stackheap                   0x000016d9   Thumb Code    62  sys_stackheap_outer.o(.text)
    exit                                     0x00001717   Thumb Code    16  exit.o(.text)
    strcmp                                   0x00001729   Thumb Code   132  strcmp.o(.text)
    __fpl_cmpreturn                          0x000017b1   Thumb Code    46  cmpret.o(.text)
    __fpl_fcheck_NaN2                        0x000017e1   Thumb Code    10  fnan2.o(.text)
    __fpl_return_NaN                         0x000017f1   Thumb Code    94  retnan.o(.text)
    _sys_exit                                0x00001851   Thumb Code     8  sys_exit.o(.text)
    __I$use$semihosting                      0x0000185d   Thumb Code     0  use_no_semi.o(.text)
    __use_no_semihosting_swi                 0x0000185d   Thumb Code     2  use_no_semi.o(.text)
    __semihosting_library_function           0x0000185f   Thumb Code     0  indicate_semi.o(.text)
    CKSD_IRQHandler                          0x00001861   Thumb Code    92  application.o(.text.CKSD_IRQHandler)
    CLK_EnableModuleClock                    0x000018bd   Thumb Code    28  clk.o(.text.CLK_EnableModuleClock)
    CLK_EnableXtalRC                         0x000018d9   Thumb Code    12  clk.o(.text.CLK_EnableXtalRC)
    CLK_GetHCLKFreq                          0x000018e5   Thumb Code    16  clk.o(.text.CLK_GetHCLKFreq)
    CLK_GetPLLClockFreq                      0x000018f5   Thumb Code   104  clk.o(.text.CLK_GetPLLClockFreq)
    CLK_SetHCLK                              0x0000195d   Thumb Code    32  clk.o(.text.CLK_SetHCLK)
    CLK_SetModuleClock                       0x0000197d   Thumb Code    68  clk.o(.text.CLK_SetModuleClock)
    CLK_SetPCLK0                             0x000019c1   Thumb Code    16  clk.o(.text.CLK_SetPCLK0)
    CLK_SetPCLK1                             0x000019d1   Thumb Code    20  clk.o(.text.CLK_SetPCLK1)
    CLK_SysTickDelay                         0x000019e5   Thumb Code    36  clk.o(.text.CLK_SysTickDelay)
    CLK_WaitClockReady                       0x00001a09   Thumb Code    32  clk.o(.text.CLK_WaitClockReady)
    DRV_MPU9250New                           0x00001a7d   Thumb Code   152  driver_mpu9250.o(.text.DRV_MPU9250New)
    DRV_MPU9250_GetVersion                   0x00001b15   Thumb Code     4  driver_mpu9250.o(.text.DRV_MPU9250_GetVersion)
    DRV_SPI_GetVersion                       0x00001b19   Thumb Code     8  driver_mcu_spi.o(.text.DRV_SPI_GetVersion)
    DRV_SpiNew                               0x00001b29   Thumb Code   108  driver_mcu_spi.o(.text.DRV_SpiNew)
    DelayUs                                  0x00001bf1   Thumb Code    72  application.o(.text.DelayUs)
    GPABC_IRQHandler                         0x00001c61   Thumb Code   108  application.o(.text.GPABC_IRQHandler)
    GPDEF_IRQHandler                         0x00001ccd   Thumb Code   332  application.o(.text.GPDEF_IRQHandler)
    GPIO_EnableInt                           0x00001e19   Thumb Code    28  gpio.o(.text.GPIO_EnableInt)
    GPIO_SetMode                             0x00001e35   Thumb Code    42  gpio.o(.text.GPIO_SetMode)
    HIRC_IRQHandler                          0x00001e61   Thumb Code   168  application.o(.text.HIRC_IRQHandler)
    HardFault_Handler                        0x00001f09   Thumb Code    32  retarget.o(.text.HardFault_Handler)
    Hard_Fault_Handler                       0x00001f29   Thumb Code    40  retarget.o(.text.Hard_Fault_Handler)
    MCU_ClkInit                              0x00002131   Thumb Code   232  application.o(.text.MCU_ClkInit)
    MCU_GpioInit                             0x00002219   Thumb Code   284  application.o(.text.MCU_GpioInit)
    MCU_Init                                 0x00002335   Thumb Code    76  boot.o(.text.MCU_Init)
    MCU_NvicInit                             0x00002381   Thumb Code    12  application.o(.text.MCU_NvicInit)
    MCU_PinInit                              0x0000238d   Thumb Code    96  application.o(.text.MCU_PinInit)
    MCU_RtcInit                              0x000023ed   Thumb Code    32  application.o(.text.MCU_RtcInit)
    MCU_SpiInit                              0x0000240d   Thumb Code    32  application.o(.text.MCU_SpiInit)
    MCU_SysTickDelayUs                       0x0000242d   Thumb Code    20  application.o(.text.MCU_SysTickDelayUs)
    MCU_SysTickInit                          0x00002441   Thumb Code    96  application.o(.text.MCU_SysTickInit)
    MCU_UartInit                             0x000024a1   Thumb Code   104  application.o(.text.MCU_UartInit)
    MPU9250_Init                             0x00002509   Thumb Code    20  application.o(.text.MPU9250_Init)
    MPU_init                                 0x0000251d   Thumb Code   544  main.o(.text.MPU_init)
    RTC_32KCalibration                       0x0000273d   Thumb Code    52  rtc.o(.text.RTC_32KCalibration)
    RTC_Open                                 0x00002771   Thumb Code   264  rtc.o(.text.RTC_Open)
    RTC_RWEN                                 0x00002879   Thumb Code    28  rtc.o(.text.RTC_RWEN)
    SPI_Open                                 0x0000294d   Thumb Code    26  spi.o(.text.SPI_Open)
    SPI_SetBusClock                          0x00002969   Thumb Code   248  spi.o(.text.SPI_SetBusClock)
    SYS_EnableHIRC0Trim                      0x00002a61   Thumb Code    32  sys.o(.text.SYS_EnableHIRC0Trim)
    SYS_EnableHIRC1Trim                      0x00002a81   Thumb Code    32  sys.o(.text.SYS_EnableHIRC1Trim)
    SYS_EnableMIRCTrim                       0x00002aa1   Thumb Code    32  sys.o(.text.SYS_EnableMIRCTrim)
    SYS_ResetModule                          0x00002ac1   Thumb Code    36  sys.o(.text.SYS_ResetModule)
    SendChar_ToUART                          0x00002ae5   Thumb Code    32  retarget.o(.text.SendChar_ToUART)
    SysGet_HCLKFreq                          0x00002b35   Thumb Code    92  system_nano103.o(.text.SysGet_HCLKFreq)
    SysGet_PLLClockFreq                      0x00002b91   Thumb Code   100  system_nano103.o(.text.SysGet_PLLClockFreq)
    SysTick_Handler                          0x00002bf5   Thumb Code     2  application.o(.text.SysTick_Handler)
    SystemCoreClockUpdate                    0x00002bf9   Thumb Code    36  system_nano103.o(.text.SystemCoreClockUpdate)
    SystemInit                               0x00002c1d   Thumb Code    68  system_nano103.o(.text.SystemInit)
    UART0_IRQHandler                         0x00002c6d   Thumb Code   148  application.o(.text.UART0_IRQHandler)
    UART_ClearIntFlag                        0x00002d01   Thumb Code    64  uart.o(.text.UART_ClearIntFlag)
    UART_Open                                0x00002d41   Thumb Code    76  uart.o(.text.UART_Open)
    _UART_GetUartClk                         0x00002e41   Thumb Code   196  uart.o(.text._UART_GetUartClk)
    fputc                                    0x00002f05   Thumb Code    12  retarget.o(.text.fputc)
    main                                     0x00002f11   Thumb Code    28  main.o(.text.main)
    stackDump                                0x00002f2d   Thumb Code   156  retarget.o(.text.stackDump)
    vMemAlloc                                0x00002fc9   Thumb Code   196  vmemalloc.o(.text.vMemAlloc)
    vMemCopy                                 0x0000308d   Thumb Code    18  vmemalloc.o(.text.vMemCopy)
    vMemFree                                 0x000030a1   Thumb Code   100  vmemalloc.o(.text.vMemFree)
    __ARM_common_ll_muluu                    0x00003105   Thumb Code    48  btod.o(i.__ARM_common_ll_muluu)
    __ARM_fpclassify                         0x00003135   Thumb Code    40  fpclassify.o(i.__ARM_fpclassify)
    __aeabi_fcmple                           0x00003161   Thumb Code     0  fcmp.o(i._fleq)
    _fleq                                    0x00003161   Thumb Code    26  fcmp.o(i._fleq)
    _is_digit                                0x0000317b   Thumb Code    14  __printf_wp.o(i._is_digit)
    _get_lc_numeric                          0x00003189   Thumb Code    44  lc_numeric_c.o(locale$$code)
    __aeabi_cfcmple                          0x000031b5   Thumb Code     0  flef.o(x$fpl$fleqf)
    _fcmple                                  0x000031b5   Thumb Code    78  flef.o(x$fpl$fleqf)
    _printf_fp_dec                           0x00003209   Thumb Code    16  printf1.o(x$fpl$printf1)
    __I$use$fp                               0x00003218   Number         0  usenofp.o(x$fpl$usenofp)
    Region$$Table$$Base                      0x0000334c   Number         0  anon$$obj.o(Region$$Table)
    Region$$Table$$Limit                     0x0000336c   Number         0  anon$$obj.o(Region$$Table)
    SystemCoreClock                          0x20000000   Data           4  system_nano103.o(.data..L_MergedGlobals)
    CyclesPerUs                              0x20000004   Data           4  system_nano103.o(.data..L_MergedGlobals)
    __libspace_start                         0x20000008   Data          96  libspace.o(.bss)
    __temporary_stack_top$libspace           0x20000068   Data           0  libspace.o(.bss)
    spi0                                     0x20000068   Data           4  application.o(.bss..L_MergedGlobals)
    mpu9250                                  0x2000006c   Data           4  application.o(.bss..L_MergedGlobals)
    pxEnd                                    0x20000070   Data           4  vmemalloc.o(.bss..L_MergedGlobals)
    pxStart                                  0x20000078   Data           8  vmemalloc.o(.bss..L_MergedGlobals)
    __stdout                                 0x20000080   Data           4  retarget.o(.bss.__stdout)
    mpuFlag                                  0x20001410   Data           1  main.o(.bss.mpuFlag)



==============================================================================

Memory Map of the image

  Image Entry point : 0x000000c1

  Load Region LR_IROM1 (Base: 0x00000000, Size: 0x00003390, Max: 0x00010000, ABSOLUTE)

    Execution Region ER_IROM1 (Exec base: 0x00000000, Load base: 0x00000000, Size: 0x00003388, Max: 0x00010000, ABSOLUTE)

    Exec Addr    Load Addr    Size         Type   Attr      Idx    E Section Name        Object

    0x00000000   0x00000000   0x000000c0   Data   RO           20    RESET               startup_nano103.o
    0x000000c0   0x000000c0   0x00000008   Code   RO          661  * !!!main             c_pu.l(__main.o)
    0x000000c8   0x000000c8   0x0000003c   Code   RO          928    !!!scatter          c_pu.l(__scatter.o)
    0x00000104   0x00000104   0x0000001a   Code   RO          930    !!handler_copy      c_pu.l(__scatter_copy.o)
    0x0000011e   0x0000011e   0x00000002   PAD
    0x00000120   0x00000120   0x0000001c   Code   RO          932    !!handler_zi        c_pu.l(__scatter_zi.o)
    0x0000013c   0x0000013c   0x00000002   Code   RO          650    .ARM.Collect$$_printf_percent$$00000000  c_pu.l(_printf_percent.o)
    0x0000013e   0x0000013e   0x0000000a   Code   RO          649    .ARM.Collect$$_printf_percent$$00000003  c_pu.l(_printf_f.o)
    0x00000148   0x00000148   0x0000000a   Code   RO          648    .ARM.Collect$$_printf_percent$$00000009  c_pu.l(_printf_d.o)
    0x00000152   0x00000152   0x0000000a   Code   RO          647    .ARM.Collect$$_printf_percent$$0000000C  c_pu.l(_printf_x.o)
    0x0000015c   0x0000015c   0x0000000a   Code   RO          645    .ARM.Collect$$_printf_percent$$00000013  c_pu.l(_printf_c.o)
    0x00000166   0x00000166   0x0000000a   Code   RO          646    .ARM.Collect$$_printf_percent$$00000014  c_pu.l(_printf_s.o)
    0x00000170   0x00000170   0x00000004   Code   RO          707    .ARM.Collect$$_printf_percent$$00000017  c_pu.l(_printf_percent_end.o)
    0x00000174   0x00000174   0x00000002   Code   RO          790    .ARM.Collect$$libinit$$00000000  c_pu.l(libinit.o)
    0x00000176   0x00000176   0x00000000   Code   RO          792    .ARM.Collect$$libinit$$00000002  c_pu.l(libinit2.o)
    0x00000176   0x00000176   0x00000000   Code   RO          794    .ARM.Collect$$libinit$$00000004  c_pu.l(libinit2.o)
    0x00000176   0x00000176   0x00000000   Code   RO          797    .ARM.Collect$$libinit$$0000000A  c_pu.l(libinit2.o)
    0x00000176   0x00000176   0x00000000   Code   RO          799    .ARM.Collect$$libinit$$0000000C  c_pu.l(libinit2.o)
    0x00000176   0x00000176   0x00000000   Code   RO          801    .ARM.Collect$$libinit$$0000000E  c_pu.l(libinit2.o)
    0x00000176   0x00000176   0x00000006   Code   RO          802    .ARM.Collect$$libinit$$0000000F  c_pu.l(libinit2.o)
    0x0000017c   0x0000017c   0x00000000   Code   RO          804    .ARM.Collect$$libinit$$00000011  c_pu.l(libinit2.o)
    0x0000017c   0x0000017c   0x00000000   Code   RO          806    .ARM.Collect$$libinit$$00000013  c_pu.l(libinit2.o)
    0x0000017c   0x0000017c   0x00000000   Code   RO          808    .ARM.Collect$$libinit$$00000015  c_pu.l(libinit2.o)
    0x0000017c   0x0000017c   0x0000000a   Code   RO          809    .ARM.Collect$$libinit$$00000016  c_pu.l(libinit2.o)
    0x00000186   0x00000186   0x00000000   Code   RO          810    .ARM.Collect$$libinit$$00000017  c_pu.l(libinit2.o)
    0x00000186   0x00000186   0x00000000   Code   RO          812    .ARM.Collect$$libinit$$00000019  c_pu.l(libinit2.o)
    0x00000186   0x00000186   0x00000000   Code   RO          814    .ARM.Collect$$libinit$$0000001B  c_pu.l(libinit2.o)
    0x00000186   0x00000186   0x00000000   Code   RO          816    .ARM.Collect$$libinit$$0000001D  c_pu.l(libinit2.o)
    0x00000186   0x00000186   0x00000000   Code   RO          818    .ARM.Collect$$libinit$$0000001F  c_pu.l(libinit2.o)
    0x00000186   0x00000186   0x00000000   Code   RO          820    .ARM.Collect$$libinit$$00000021  c_pu.l(libinit2.o)
    0x00000186   0x00000186   0x00000000   Code   RO          822    .ARM.Collect$$libinit$$00000023  c_pu.l(libinit2.o)
    0x00000186   0x00000186   0x00000000   Code   RO          824    .ARM.Collect$$libinit$$00000025  c_pu.l(libinit2.o)
    0x00000186   0x00000186   0x00000000   Code   RO          828    .ARM.Collect$$libinit$$0000002C  c_pu.l(libinit2.o)
    0x00000186   0x00000186   0x00000000   Code   RO          830    .ARM.Collect$$libinit$$0000002E  c_pu.l(libinit2.o)
    0x00000186   0x00000186   0x00000000   Code   RO          832    .ARM.Collect$$libinit$$00000030  c_pu.l(libinit2.o)
    0x00000186   0x00000186   0x00000000   Code   RO          834    .ARM.Collect$$libinit$$00000032  c_pu.l(libinit2.o)
    0x00000186   0x00000186   0x00000002   Code   RO          835    .ARM.Collect$$libinit$$00000033  c_pu.l(libinit2.o)
    0x00000188   0x00000188   0x00000002   Code   RO          893    .ARM.Collect$$libshutdown$$00000000  c_pu.l(libshutdown.o)
    0x0000018a   0x0000018a   0x00000000   Code   RO          911    .ARM.Collect$$libshutdown$$00000002  c_pu.l(libshutdown2.o)
    0x0000018a   0x0000018a   0x00000000   Code   RO          913    .ARM.Collect$$libshutdown$$00000004  c_pu.l(libshutdown2.o)
    0x0000018a   0x0000018a   0x00000000   Code   RO          916    .ARM.Collect$$libshutdown$$00000007  c_pu.l(libshutdown2.o)
    0x0000018a   0x0000018a   0x00000000   Code   RO          919    .ARM.Collect$$libshutdown$$0000000A  c_pu.l(libshutdown2.o)
    0x0000018a   0x0000018a   0x00000000   Code   RO          921    .ARM.Collect$$libshutdown$$0000000C  c_pu.l(libshutdown2.o)
    0x0000018a   0x0000018a   0x00000000   Code   RO          924    .ARM.Collect$$libshutdown$$0000000F  c_pu.l(libshutdown2.o)
    0x0000018a   0x0000018a   0x00000002   Code   RO          925    .ARM.Collect$$libshutdown$$00000010  c_pu.l(libshutdown2.o)
    0x0000018c   0x0000018c   0x00000000   Code   RO          688    .ARM.Collect$$rtentry$$00000000  c_pu.l(__rtentry.o)
    0x0000018c   0x0000018c   0x00000000   Code   RO          718    .ARM.Collect$$rtentry$$00000002  c_pu.l(__rtentry2.o)
    0x0000018c   0x0000018c   0x00000006   Code   RO          730    .ARM.Collect$$rtentry$$00000004  c_pu.l(__rtentry4.o)
    0x00000192   0x00000192   0x00000000   Code   RO          720    .ARM.Collect$$rtentry$$00000009  c_pu.l(__rtentry2.o)
    0x00000192   0x00000192   0x00000004   Code   RO          721    .ARM.Collect$$rtentry$$0000000A  c_pu.l(__rtentry2.o)
    0x00000196   0x00000196   0x00000000   Code   RO          723    .ARM.Collect$$rtentry$$0000000C  c_pu.l(__rtentry2.o)
    0x00000196   0x00000196   0x00000008   Code   RO          724    .ARM.Collect$$rtentry$$0000000D  c_pu.l(__rtentry2.o)
    0x0000019e   0x0000019e   0x00000002   Code   RO          841    .ARM.Collect$$rtexit$$00000000  c_pu.l(rtexit.o)
    0x000001a0   0x000001a0   0x00000000   Code   RO          862    .ARM.Collect$$rtexit$$00000002  c_pu.l(rtexit2.o)
    0x000001a0   0x000001a0   0x00000004   Code   RO          863    .ARM.Collect$$rtexit$$00000003  c_pu.l(rtexit2.o)
    0x000001a4   0x000001a4   0x00000006   Code   RO          864    .ARM.Collect$$rtexit$$00000004  c_pu.l(rtexit2.o)
    0x000001aa   0x000001aa   0x00000002   PAD
    0x000001ac   0x000001ac   0x00000078   Code   RO           21    .text               startup_nano103.o
    0x00000224   0x00000224   0x00000110   Code   RO          590    .text               c_pu.l(lludiv.o)
    0x00000334   0x00000334   0x0000001c   Code   RO          594    .text               c_pu.l(noretval__2printf.o)
    0x00000350   0x00000350   0x0000004e   Code   RO          598    .text               c_pu.l(_printf_pad.o)
    0x0000039e   0x0000039e   0x00000052   Code   RO          600    .text               c_pu.l(_printf_str.o)
    0x000003f0   0x000003f0   0x0000006c   Code   RO          602    .text               c_pu.l(_printf_dec.o)
    0x0000045c   0x0000045c   0x00000058   Code   RO          607    .text               c_pu.l(_printf_hex_int.o)
    0x000004b4   0x000004b4   0x00000138   Code   RO          637    .text               c_pu.l(__printf_flags_wp.o)
    0x000005ec   0x000005ec   0x00000010   Code   RO          651    .text               c_pu.l(putchar.o)
    0x000005fc   0x000005fc   0x0000002c   Code   RO          653    .text               c_pu.l(puts.o)
    0x00000628   0x00000628   0x0000016c   Code   RO          655    .text               c_pu.l(aeabi_sdiv.o)
    0x00000794   0x00000794   0x00000006   Code   RO          659    .text               c_pu.l(heapauxi.o)
    0x0000079a   0x0000079a   0x00000002   PAD
    0x0000079c   0x0000079c   0x00000160   Code   RO          677    .text               fz_ps.l(fdiv.o)
    0x000008fc   0x000008fc   0x00000030   Code   RO          680    .text               fz_ps.l(ffixui.o)
    0x0000092c   0x0000092c   0x0000005e   Code   RO          682    .text               fz_ps.l(fflti.o)
    0x0000098a   0x0000098a   0x000000b0   Code   RO          697    .text               c_pu.l(_printf_intcommon.o)
    0x00000a3a   0x00000a3a   0x00000002   PAD
    0x00000a3c   0x00000a3c   0x00000414   Code   RO          699    .text               c_pu.l(_printf_fp_dec.o)
    0x00000e50   0x00000e50   0x0000002e   Code   RO          703    .text               c_pu.l(_printf_char.o)
    0x00000e7e   0x00000e7e   0x00000002   PAD
    0x00000e80   0x00000e80   0x00000028   Code   RO          705    .text               c_pu.l(_printf_char_file.o)
    0x00000ea8   0x00000ea8   0x00000028   Code   RO          708    .text               c_pu.l(rtudiv10.o)
    0x00000ed0   0x00000ed0   0x00000008   Code   RO          737    .text               c_pu.l(rt_locale_intlibspace.o)
    0x00000ed8   0x00000ed8   0x0000007a   Code   RO          739    .text               c_pu.l(lludiv10.o)
    0x00000f52   0x00000f52   0x00000002   PAD
    0x00000f54   0x00000f54   0x00000030   Code   RO          741    .text               c_pu.l(_printf_char_common.o)
    0x00000f84   0x00000f84   0x00000088   Code   RO          743    .text               c_pu.l(_printf_fp_infnan.o)
    0x0000100c   0x0000100c   0x000000d8   Code   RO          745    .text               c_pu.l(bigflt0.o)
    0x000010e4   0x000010e4   0x00000580   Code   RO          748    .text               c_pu.l(btod.o)
    0x00001664   0x00001664   0x00000008   Code   RO          754    .text               c_pu.l(ferror.o)
    0x0000166c   0x0000166c   0x00000064   Code   RO          761    .text               fz_ps.l(fcmpin.o)
    0x000016d0   0x000016d0   0x00000008   Code   RO          767    .text               c_pu.l(libspace.o)
    0x000016d8   0x000016d8   0x0000003e   Code   RO          770    .text               c_pu.l(sys_stackheap_outer.o)
    0x00001716   0x00001716   0x00000010   Code   RO          777    .text               c_pu.l(exit.o)
    0x00001726   0x00001726   0x00000002   PAD
    0x00001728   0x00001728   0x00000088   Code   RO          783    .text               c_pu.l(strcmp.o)
    0x000017b0   0x000017b0   0x0000002e   Code   RO          836    .text               fz_ps.l(cmpret.o)
    0x000017de   0x000017de   0x00000002   PAD
    0x000017e0   0x000017e0   0x00000010   Code   RO          838    .text               fz_ps.l(fnan2.o)
    0x000017f0   0x000017f0   0x0000005e   Code   RO          855    .text               fz_ps.l(retnan.o)
    0x0000184e   0x0000184e   0x00000002   PAD
    0x00001850   0x00001850   0x0000000c   Code   RO          857    .text               c_pu.l(sys_exit.o)
    0x0000185c   0x0000185c   0x00000002   Code   RO          880    .text               c_pu.l(use_no_semi.o)
    0x0000185e   0x0000185e   0x00000000   Code   RO          882    .text               c_pu.l(indicate_semi.o)
    0x0000185e   0x0000185e   0x00000002   PAD
    0x00001860   0x00001860   0x0000005c   Code   RO          470    .text.CKSD_IRQHandler  application.o
    0x000018bc   0x000018bc   0x0000001c   Code   RO           78    .text.CLK_EnableModuleClock  clk.o
    0x000018d8   0x000018d8   0x0000000c   Code   RO           74    .text.CLK_EnableXtalRC  clk.o
    0x000018e4   0x000018e4   0x00000010   Code   RO           40    .text.CLK_GetHCLKFreq  clk.o
    0x000018f4   0x000018f4   0x00000068   Code   RO           48    .text.CLK_GetPLLClockFreq  clk.o
    0x0000195c   0x0000195c   0x00000020   Code   RO           66    .text.CLK_SetHCLK   clk.o
    0x0000197c   0x0000197c   0x00000044   Code   RO           72    .text.CLK_SetModuleClock  clk.o
    0x000019c0   0x000019c0   0x00000010   Code   RO           68    .text.CLK_SetPCLK0  clk.o
    0x000019d0   0x000019d0   0x00000014   Code   RO           70    .text.CLK_SetPCLK1  clk.o
    0x000019e4   0x000019e4   0x00000024   Code   RO           84    .text.CLK_SysTickDelay  clk.o
    0x00001a08   0x00001a08   0x00000020   Code   RO           64    .text.CLK_WaitClockReady  clk.o
    0x00001a28   0x00001a28   0x0000002e   Code   RO          538    .text.ClrRegisters  driver_mpu9250.o
    0x00001a56   0x00001a56   0x0000000c   Code   RO          504    .text.CsDisable     driver_mcu_spi.o
    0x00001a62   0x00001a62   0x00000010   Code   RO          502    .text.CsEnable      driver_mcu_spi.o
    0x00001a72   0x00001a72   0x00000008   Code   RO          556    .text.DRV_MPU9250Free  driver_mpu9250.o
    0x00001a7a   0x00001a7a   0x00000002   PAD
    0x00001a7c   0x00001a7c   0x00000098   Code   RO          526    .text.DRV_MPU9250New  driver_mpu9250.o
    0x00001b14   0x00001b14   0x00000004   Code   RO          524    .text.DRV_MPU9250_GetVersion  driver_mpu9250.o
    0x00001b18   0x00001b18   0x00000008   Code   RO          494    .text.DRV_SPI_GetVersion  driver_mcu_spi.o
    0x00001b20   0x00001b20   0x00000008   Code   RO          514    .text.DRV_SpiFree   driver_mcu_spi.o
    0x00001b28   0x00001b28   0x0000006c   Code   RO          496    .text.DRV_SpiNew    driver_mcu_spi.o
    0x00001b94   0x00001b94   0x00000058   Code   RO          500    .text.Deinitialize  driver_mcu_spi.o
    0x00001bec   0x00001bec   0x00000002   Code   RO          530    .text.Deinitialize  driver_mpu9250.o
    0x00001bee   0x00001bee   0x00000002   PAD
    0x00001bf0   0x00001bf0   0x00000048   Code   RO          460    .text.DelayUs       application.o
    0x00001c38   0x00001c38   0x0000000a   Code   RO          550    .text.Event_FifoOverflow  driver_mpu9250.o
    0x00001c42   0x00001c42   0x0000000a   Code   RO          552    .text.Event_Fsync   driver_mpu9250.o
    0x00001c4c   0x00001c4c   0x0000000a   Code   RO          554    .text.Event_RawDataReady  driver_mpu9250.o
    0x00001c56   0x00001c56   0x0000000a   Code   RO          548    .text.Event_WakeOnMotion  driver_mpu9250.o
    0x00001c60   0x00001c60   0x0000006c   Code   RO          464    .text.GPABC_IRQHandler  application.o
    0x00001ccc   0x00001ccc   0x0000014c   Code   RO          466    .text.GPDEF_IRQHandler  application.o
    0x00001e18   0x00001e18   0x0000001c   Code   RO          147    .text.GPIO_EnableInt  gpio.o
    0x00001e34   0x00001e34   0x0000002a   Code   RO          145    .text.GPIO_SetMode  gpio.o
    0x00001e5e   0x00001e5e   0x00000002   PAD
    0x00001e60   0x00001e60   0x000000a8   Code   RO          472    .text.HIRC_IRQHandler  application.o
    0x00001f08   0x00001f08   0x00000020   Code   RO          341    .text.HardFault_Handler  retarget.o
    0x00001f28   0x00001f28   0x00000028   Code   RO          339    .text.Hard_Fault_Handler  retarget.o
    0x00001f50   0x00001f50   0x0000009a   Code   RO          544    .text.I2cMstRead    driver_mpu9250.o
    0x00001fea   0x00001fea   0x00000076   Code   RO          540    .text.I2cMstWriteByte  driver_mpu9250.o
    0x00002060   0x00002060   0x00000032   Code   RO          542    .text.I2cSlvDataRead  driver_mpu9250.o
    0x00002092   0x00002092   0x00000002   PAD
    0x00002094   0x00002094   0x00000098   Code   RO          498    .text.Initialize    driver_mcu_spi.o
    0x0000212c   0x0000212c   0x00000002   Code   RO          528    .text.Initialize    driver_mpu9250.o
    0x0000212e   0x0000212e   0x00000002   PAD
    0x00002130   0x00002130   0x000000e8   Code   RO          450    .text.MCU_ClkInit   application.o
    0x00002218   0x00002218   0x0000011c   Code   RO          448    .text.MCU_GpioInit  application.o
    0x00002334   0x00002334   0x0000004c   Code   RO          486    .text.MCU_Init      boot.o
    0x00002380   0x00002380   0x0000000c   Code   RO          458    .text.MCU_NvicInit  application.o
    0x0000238c   0x0000238c   0x00000060   Code   RO          446    .text.MCU_PinInit   application.o
    0x000023ec   0x000023ec   0x00000020   Code   RO          454    .text.MCU_RtcInit   application.o
    0x0000240c   0x0000240c   0x00000020   Code   RO          456    .text.MCU_SpiInit   application.o
    0x0000242c   0x0000242c   0x00000014   Code   RO          442    .text.MCU_SysTickDelayUs  application.o
    0x00002440   0x00002440   0x00000060   Code   RO          444    .text.MCU_SysTickInit  application.o
    0x000024a0   0x000024a0   0x00000068   Code   RO          452    .text.MCU_UartInit  application.o
    0x00002508   0x00002508   0x00000014   Code   RO          440    .text.MPU9250_Init  application.o
    0x0000251c   0x0000251c   0x00000220   Code   RO          419    .text.MPU_init      main.o
    0x0000273c   0x0000273c   0x00000034   Code   RO          373    .text.RTC_32KCalibration  rtc.o
    0x00002770   0x00002770   0x00000108   Code   RO          375    .text.RTC_Open      rtc.o
    0x00002878   0x00002878   0x0000001c   Code   RO          371    .text.RTC_RWEN      rtc.o
    0x00002894   0x00002894   0x00000008   Code   RO          508    .text.Read          driver_mcu_spi.o
    0x0000289c   0x0000289c   0x00000064   Code   RO          512    .text.ReadAndWrite  driver_mcu_spi.o
    0x00002900   0x00002900   0x0000004c   Code   RO          532    .text.ReadRegister  driver_mpu9250.o
    0x0000294c   0x0000294c   0x0000001a   Code   RO          159    .text.SPI_Open      spi.o
    0x00002966   0x00002966   0x00000002   PAD
    0x00002968   0x00002968   0x000000f8   Code   RO          161    .text.SPI_SetBusClock  spi.o
    0x00002a60   0x00002a60   0x00000020   Code   RO          219    .text.SYS_EnableHIRC0Trim  sys.o
    0x00002a80   0x00002a80   0x00000020   Code   RO          223    .text.SYS_EnableHIRC1Trim  sys.o
    0x00002aa0   0x00002aa0   0x00000020   Code   RO          227    .text.SYS_EnableMIRCTrim  sys.o
    0x00002ac0   0x00002ac0   0x00000024   Code   RO          209    .text.SYS_ResetModule  sys.o
    0x00002ae4   0x00002ae4   0x00000020   Code   RO          343    .text.SendChar_ToUART  retarget.o
    0x00002b04   0x00002b04   0x0000002e   Code   RO          536    .text.SetRegisters  driver_mpu9250.o
    0x00002b32   0x00002b32   0x00000002   PAD
    0x00002b34   0x00002b34   0x0000005c   Code   RO            4    .text.SysGet_HCLKFreq  system_nano103.o
    0x00002b90   0x00002b90   0x00000064   Code   RO            2    .text.SysGet_PLLClockFreq  system_nano103.o
    0x00002bf4   0x00002bf4   0x00000002   Code   RO          474    .text.SysTick_Handler  application.o
    0x00002bf6   0x00002bf6   0x00000002   PAD
    0x00002bf8   0x00002bf8   0x00000024   Code   RO            6    .text.SystemCoreClockUpdate  system_nano103.o
    0x00002c1c   0x00002c1c   0x00000044   Code   RO            8    .text.SystemInit    system_nano103.o
    0x00002c60   0x00002c60   0x0000000c   Code   RO          510    .text.Trigger       driver_mcu_spi.o
    0x00002c6c   0x00002c6c   0x00000094   Code   RO          468    .text.UART0_IRQHandler  application.o
    0x00002d00   0x00002d00   0x00000040   Code   RO          275    .text.UART_ClearIntFlag  uart.o
    0x00002d40   0x00002d40   0x0000004c   Code   RO          287    .text.UART_Open     uart.o
    0x00002d8c   0x00002d8c   0x0000007a   Code   RO          546    .text.Updata        driver_mpu9250.o
    0x00002e06   0x00002e06   0x00000006   Code   RO          506    .text.Write         driver_mcu_spi.o
    0x00002e0c   0x00002e0c   0x00000034   Code   RO          534    .text.WriteRegister  driver_mpu9250.o
    0x00002e40   0x00002e40   0x000000c4   Code   RO          273    .text._UART_GetUartClk  uart.o
    0x00002f04   0x00002f04   0x0000000c   Code   RO          355    .text.fputc         retarget.o
    0x00002f10   0x00002f10   0x0000001c   Code   RO          417    .text.main          main.o
    0x00002f2c   0x00002f2c   0x0000009c   Code   RO          337    .text.stackDump     retarget.o
    0x00002fc8   0x00002fc8   0x000000c4   Code   RO          566    .text.vMemAlloc     vmemalloc.o
    0x0000308c   0x0000308c   0x00000012   Code   RO          572    .text.vMemCopy      vmemalloc.o
    0x0000309e   0x0000309e   0x00000002   PAD
    0x000030a0   0x000030a0   0x00000064   Code   RO          568    .text.vMemFree      vmemalloc.o
    0x00003104   0x00003104   0x00000030   Code   RO          750    i.__ARM_common_ll_muluu  c_pu.l(btod.o)
    0x00003134   0x00003134   0x0000002c   Code   RO          765    i.__ARM_fpclassify  m_ps.l(fpclassify.o)
    0x00003160   0x00003160   0x0000001a   Code   RO          668    i._fleq             fz_ps.l(fcmp.o)
    0x0000317a   0x0000317a   0x0000000e   Code   RO          635    i._is_digit         c_pu.l(__printf_wp.o)
    0x00003188   0x00003188   0x0000002c   Code   RO          759    locale$$code        c_pu.l(lc_numeric_c.o)
    0x000031b4   0x000031b4   0x00000054   Code   RO          714    x$fpl$fleqf         fz_ps.l(flef.o)
    0x00003208   0x00003208   0x00000010   Code   RO          686    x$fpl$printf1       fz_ps.l(printf1.o)
    0x00003218   0x00003218   0x00000000   Code   RO          716    x$fpl$usenofp       fz_ps.l(usenofp.o)
    0x00003218   0x00003218   0x00000028   Data   RO          608    .constdata          c_pu.l(_printf_hex_int.o)
    0x00003240   0x00003240   0x00000011   Data   RO          638    .constdata          c_pu.l(__printf_flags_wp.o)
    0x00003251   0x00003251   0x00000040   Data   RO          678    .constdata          fz_ps.l(fdiv.o)
    0x00003291   0x00003291   0x00000003   PAD
    0x00003294   0x00003294   0x00000094   Data   RO          746    .constdata          c_pu.l(bigflt0.o)
    0x00003328   0x00003328   0x00000021   Data   RO          476    .rodata.str1.1      application.o
    0x00003349   0x00003349   0x00000003   PAD
    0x0000334c   0x0000334c   0x00000020   Data   RO          927    Region$$Table       anon$$obj.o
    0x0000336c   0x0000336c   0x0000001c   Data   RO          758    locale$$data        c_pu.l(lc_numeric_c.o)


    Execution Region RW_IRAM1 (Exec base: 0x20000000, Load base: 0x00003388, Size: 0x00001b18, Max: 0x00004000, ABSOLUTE)

    Exec Addr    Load Addr    Size         Type   Attr      Idx    E Section Name        Object

    0x20000000   0x00003388   0x00000008   Data   RW           10    .data..L_MergedGlobals  system_nano103.o
    0x20000008        -       0x00000060   Zero   RW          768    .bss                c_pu.l(libspace.o)
    0x20000068        -       0x00000008   Zero   RW          477    .bss..L_MergedGlobals  application.o
    0x20000070        -       0x00000010   Zero   RW          578    .bss..L_MergedGlobals  vmemalloc.o
    0x20000080        -       0x00000004   Zero   RW          361    .bss.__stdout       retarget.o
    0x20000084        -       0x00000004   Zero   RW          407    .bss.g_u32Reg       rtc.o
    0x20000088        -       0x00001388   Zero   RW          576    .bss.memArr         vmemalloc.o
    0x20001410        -       0x00000001   Zero   RW          429    .bss.mpuFlag        main.o
    0x20001411   0x00003390   0x00000007   PAD
    0x20001418        -       0x00000200   Zero   RW           19    HEAP                startup_nano103.o
    0x20001618        -       0x00000500   Zero   RW           18    STACK               startup_nano103.o


==============================================================================

Image component sizes


      Code (inc. data)   RO Data    RW Data    ZI Data      Debug   Object Name

      1850        540         33          0          8      10762   application.o
        76          8          0          0          0       1957   boot.o
       364         56          0          0          0       8922   clk.o
       518        108          0          0          0       5441   driver_mcu_spi.o
       872         64          0          0          0       7560   driver_mpu9250.o
        70          0          0          0          0       2696   gpio.o
       572        164          0          0          1       3386   main.o
       272        128          0          0          4       4690   retarget.o
       344         40          0          0          4       9455   rtc.o
       274         12          0          0          0       5675   spi.o
       120         58        192          0       1792        740   startup_nano103.o
       132         16          0          0          0       4300   sys.o
       296         70          0          8          0       3925   system_nano103.o
       336         52          0          0          0       6789   uart.o
       314         12          0          0       5016       4123   vmemalloc.o

    ----------------------------------------------------------------------
      6428       1328        260          8       6832      80421   Object Totals
         0          0         32          0          0          0   (incl. Generated)
        18          0          3          0          7          0   (incl. Padding)

    ----------------------------------------------------------------------

      Code (inc. data)   RO Data    RW Data    ZI Data      Debug   Library Member Name

         8          0          0          0          0         68   __main.o
       312          6         17          0          0         76   __printf_flags_wp.o
        14          0          0          0          0         60   __printf_wp.o
         0          0          0          0          0          0   __rtentry.o
        12          0          0          0          0          0   __rtentry2.o
         6          0          0          0          0          0   __rtentry4.o
        60          8          0          0          0          0   __scatter.o
        26          0          0          0          0          0   __scatter_copy.o
        28          0          0          0          0          0   __scatter_zi.o
        10          0          0          0          0          0   _printf_c.o
        46          0          0          0          0        100   _printf_char.o
        48          6          0          0          0         88   _printf_char_common.o
        40          6          0          0          0         72   _printf_char_file.o
        10          0          0          0          0          0   _printf_d.o
       108         18          0          0          0         76   _printf_dec.o
        10          0          0          0          0          0   _printf_f.o
      1044         12          0          0          0        116   _printf_fp_dec.o
       136         16          0          0          0         76   _printf_fp_infnan.o
        88          4         40          0          0         72   _printf_hex_int.o
       176          0          0          0          0         84   _printf_intcommon.o
        78          0          0          0          0        100   _printf_pad.o
         2          0          0          0          0          0   _printf_percent.o
         4          0          0          0          0          0   _printf_percent_end.o
        10          0          0          0          0          0   _printf_s.o
        82          0          0          0          0         72   _printf_str.o
        10          0          0          0          0          0   _printf_x.o
       364          4          0          0          0         92   aeabi_sdiv.o
       216          6        148          0          0         80   bigflt0.o
      1456         30          0          0          0        336   btod.o
        16          0          0          0          0         68   exit.o
         8          0          0          0          0         60   ferror.o
         6          0          0          0          0        136   heapauxi.o
         0          0          0          0          0          0   indicate_semi.o
        44         10         28          0          0         76   lc_numeric_c.o
         2          0          0          0          0          0   libinit.o
        18          0          0          0          0          0   libinit2.o
         2          0          0          0          0          0   libshutdown.o
         2          0          0          0          0          0   libshutdown2.o
         8          4          0          0         96         68   libspace.o
       272          0          0          0          0         88   lludiv.o
       122          0          0          0          0         72   lludiv10.o
        28          6          0          0          0         84   noretval__2printf.o
        16          6          0          0          0         68   putchar.o
        44          6          0          0          0         68   puts.o
         8          4          0          0          0         68   rt_locale_intlibspace.o
         2          0          0          0          0          0   rtexit.o
        10          0          0          0          0          0   rtexit2.o
        40          0          0          0          0         60   rtudiv10.o
       136          4          0          0          0         72   strcmp.o
        12          4          0          0          0         60   sys_exit.o
        62          0          0          0          0         80   sys_stackheap_outer.o
         2          0          0          0          0         68   use_no_semi.o
        46          0          0          0          0         60   cmpret.o
        26          0          0          0          0         68   fcmp.o
       100          4          0          0          0         68   fcmpin.o
       352         10         64          0          0         92   fdiv.o
        48          0          0          0          0         60   ffixui.o
        94          0          0          0          0         92   fflti.o
        84          4          0          0          0         76   flef.o
        16          6          0          0          0         68   fnan2.o
        16          4          0          0          0         76   printf1.o
        94          0          0          0          0         68   retnan.o
         0          0          0          0          0          0   usenofp.o
        44          4          0          0          0         60   fpclassify.o

    ----------------------------------------------------------------------
      6204        192        300          0         96       3552   Library Totals
        20          0          3          0          0          0   (incl. Padding)

    ----------------------------------------------------------------------

      Code (inc. data)   RO Data    RW Data    ZI Data      Debug   Library Name

      5264        160        233          0         96       2764   c_pu.l
       876         28         64          0          0        728   fz_ps.l
        44          4          0          0          0         60   m_ps.l

    ----------------------------------------------------------------------
      6204        192        300          0         96       3552   Library Totals

    ----------------------------------------------------------------------

==============================================================================


      Code (inc. data)   RO Data    RW Data    ZI Data      Debug   

     12632       1520        560          8       6928      82005   Grand Totals
     12632       1520        560          8       6928      82005   ELF Image Totals
     12632       1520        560          8          0          0   ROM Totals

==============================================================================

    Total RO  Size (Code + RO Data)                13192 (  12.88kB)
    Total RW  Size (RW Data + ZI Data)              6936 (   6.77kB)
    Total ROM Size (Code + RO Data + RW Data)      13200 (  12.89kB)

==============================================================================

